<html>
<body>
<pre>
<h1>µVision Build Log</h1>
<h2>Tool Versions:</h2>
IDE-Version: µVision V5.29.0.0
Copyright (C) 2019 ARM Ltd and ARM Germany GmbH. All rights reserved.
License Information: Dinh Van Thang, Cao Thang College, LIC=----
 
Tool Versions:
Toolchain:       MDK-Lite  Version: 5.29.0.0
Toolchain Path:  C:\Program Files (x86)\Keil_v5\ARM\ARMCC\Bin
C Compiler:      Armcc.exe V5.06 update 6 (build 750)
Assembler:       Armasm.exe V5.06 update 6 (build 750)
Linker/Locator:  ArmLink.exe V5.06 update 6 (build 750)
Library Manager: ArmAr.exe V5.06 update 6 (build 750)
Hex Converter:   FromElf.exe V5.06 update 6 (build 750)
CPU DLL:         SARMCM3.DLL V5.29.0.0
Dialog DLL:      DCM.DLL V1.17.3.0
Target DLL:      STLink\ST-LINKIII-KEIL_SWO.dll V3.0.7.0
Dialog DLL:      TCM.DLL V1.36.5.0
 
<h2>Project:</h2>
C:\Users\Admin\Desktop\Myfile\ARM\Keil C Std\HydroponicsOnStm32F407\FreeRTOS.uvprojx
Project File Date:  07/17/2020

<h2>Output:</h2>
*** Using Compiler 'V5.06 update 6 (build 750)', folder: 'C:\Program Files (x86)\Keil_v5\ARM\ARMCC\Bin'
Rebuild target 'Freertos'
assembling startup_stm32f40_41xxx.s...
compiling stm32f4xx_it.c...
compiling system_stm32f4xx.c...
compiling stm32f4xx_gpio.c...
compiling stm32f4xx_rcc.c...
compiling stm32f4xx_adc.c...
compiling main.c...
User\main.h(622): warning:  #177-D: variable "rtc_datetime"  was declared but never referenced
  	rtc_ds1307_datetime_t rtc_datetime;
User\main.c: 1 warning, 0 errors
compiling stm32f4xx_usart.c...
compiling croutine.c...
compiling list.c...
compiling queue.c...
compiling timers.c...
compiling stm32f4xx_spi.c...
compiling tasks.c...
compiling misc.c...
compiling heap_4.c...
compiling port.c...
compiling stm32f4xx_dma.c...
compiling stm32f4xx_i2c.c...
compiling rtc_i2c.c...
compiling rtc_usart.c...
compiling rtc_ds1307.c...
linking...
Program Size: Code=14984 RO-data=424 RW-data=176 ZI-data=78872  
FromELF: creating hex file...
".\Objects\FreeRTOS.axf" - 0 Error(s), 1 Warning(s).

<h2>Software Packages used:</h2>

Package Vendor: Keil
                http://www.keil.com/pack/Keil.STM32F4xx_DFP.2.14.0.pack
                Keil.STM32F4xx_DFP.2.14.0
                STMicroelectronics STM32F4 Series Device Support, Drivers and Examples

<h2>Collection of Component include folders:</h2>
  .\RTE\_Freertos
  C:\Users\Admin\AppData\Local\Arm\Packs\Keil\STM32F4xx_DFP\2.14.0\Drivers\CMSIS\Device\ST\STM32F4xx\Include

<h2>Collection of Component Files used:</h2>
Build Time Elapsed:  00:00:02
</pre>
</body>
</html>
