Component: ARM Compiler 5.06 update 6 (build 750) Tool: armlink [4d35ed]

==============================================================================

Section Cross References

    main.o(i.ADC1_Config) refers to stm32f4xx_rcc.o(i.RCC_AHB1PeriphClockCmd) for RCC_AHB1PeriphClockCmd
    main.o(i.ADC1_Config) refers to stm32f4xx_rcc.o(i.RCC_APB2PeriphClockCmd) for RCC_APB2PeriphClockCmd
    main.o(i.ADC1_Config) refers to stm32f4xx_dma.o(i.DMA_Init) for DMA_Init
    main.o(i.ADC1_Config) refers to stm32f4xx_gpio.o(i.GPIO_Init) for GPIO_Init
    main.o(i.ADC1_Config) refers to stm32f4xx_adc.o(i.ADC_CommonInit) for ADC_CommonInit
    main.o(i.ADC1_Config) refers to stm32f4xx_adc.o(i.ADC_Init) for ADC_Init
    main.o(i.ADC1_Config) refers to stm32f4xx_adc.o(i.ADC_RegularChannelConfig) for ADC_RegularChannelConfig
    main.o(i.ADC1_Config) refers to stm32f4xx_adc.o(i.ADC_DMARequestAfterLastTransferCmd) for ADC_DMARequestAfterLastTransferCmd
    main.o(i.ADC1_Config) refers to stm32f4xx_adc.o(i.ADC_DMACmd) for ADC_DMACmd
    main.o(i.ADC1_Config) refers to stm32f4xx_adc.o(i.ADC_Cmd) for ADC_Cmd
    main.o(i.ADC1_Config) refers to stm32f4xx_dma.o(i.DMA_Cmd) for DMA_Cmd
    main.o(i.ADC1_Config) refers to main.o(.data) for uhADCxConvertedValue
    main.o(i.ADC_Config) refers to main.o(i.ADC1_Config) for ADC1_Config
    main.o(i.ADC_Config) refers to stm32f4xx_adc.o(i.ADC_SoftwareStartConv) for ADC_SoftwareStartConv
    main.o(i.ControlWater) refers to queue.o(i.xQueueSemaphoreTake) for xQueueSemaphoreTake
    main.o(i.ControlWater) refers to main.o(i.percentOutOfRange) for percentOutOfRange
    main.o(i.ControlWater) refers to main.o(i.speedtomils) for speedtomils
    main.o(i.ControlWater) refers to main.o(i.loadMachineLearning) for loadMachineLearning
    main.o(i.ControlWater) refers to main.o(i.runDosePHDOWN) for runDosePHDOWN
    main.o(i.ControlWater) refers to main.o(i.runDosePHUP) for runDosePHUP
    main.o(i.ControlWater) refers to main.o(i.runDoseGROUPA) for runDoseGROUPA
    main.o(i.ControlWater) refers to main.o(i.runDoseGROUPB) for runDoseGROUPB
    main.o(i.ControlWater) refers to main.o(.data) for xSemaphoredosingInterval
    main.o(i.ControlWater) refers to main.o(.bss) for data_sensor
    main.o(i.EXTI1_IRQHandler) refers to stm32f4xx_exti.o(i.EXTI_GetITStatus) for EXTI_GetITStatus
    main.o(i.EXTI1_IRQHandler) refers to stm32f4xx_gpio.o(i.GPIO_ReadInputDataBit) for GPIO_ReadInputDataBit
    main.o(i.EXTI1_IRQHandler) refers to stm32f4xx_exti.o(i.EXTI_ClearITPendingBit) for EXTI_ClearITPendingBit
    main.o(i.EXTI1_IRQHandler) refers to main.o(.data) for xHigherPriorityTaskWoken
    main.o(i.EXTI_Config) refers to main.o(i.EXTI_Line1_Config) for EXTI_Line1_Config
    main.o(i.EXTI_Config) refers to stm32f4xx_exti.o(i.EXTI_GenerateSWInterrupt) for EXTI_GenerateSWInterrupt
    main.o(i.EXTI_Line1_Config) refers to stm32f4xx_rcc.o(i.RCC_APB2PeriphClockCmd) for RCC_APB2PeriphClockCmd
    main.o(i.EXTI_Line1_Config) refers to stm32f4xx_syscfg.o(i.SYSCFG_EXTILineConfig) for SYSCFG_EXTILineConfig
    main.o(i.EXTI_Line1_Config) refers to stm32f4xx_exti.o(i.EXTI_Init) for EXTI_Init
    main.o(i.EXTI_Line1_Config) refers to misc.o(i.NVIC_Init) for NVIC_Init
    main.o(i.EndData) refers to main.o(i.USART3_puts) for USART3_puts
    main.o(i.GPIO_Configuration) refers to stm32f4xx_rcc.o(i.RCC_AHB1PeriphClockCmd) for RCC_AHB1PeriphClockCmd
    main.o(i.GPIO_Configuration) refers to stm32f4xx_gpio.o(i.GPIO_Init) for GPIO_Init
    main.o(i.GPIO_Configuration) refers to stm32f4xx_gpio.o(i.GPIO_WriteBit) for GPIO_WriteBit
    main.o(i.I2C2_Config) refers to stm32f4xx_rcc.o(i.RCC_APB1PeriphClockCmd) for RCC_APB1PeriphClockCmd
    main.o(i.I2C2_Config) refers to stm32f4xx_rcc.o(i.RCC_AHB1PeriphClockCmd) for RCC_AHB1PeriphClockCmd
    main.o(i.I2C2_Config) refers to stm32f4xx_gpio.o(i.GPIO_Init) for GPIO_Init
    main.o(i.I2C2_Config) refers to stm32f4xx_gpio.o(i.GPIO_PinAFConfig) for GPIO_PinAFConfig
    main.o(i.I2C2_Config) refers to stm32f4xx_i2c.o(i.I2C_Init) for I2C_Init
    main.o(i.I2C2_Config) refers to stm32f4xx_i2c.o(i.I2C_Cmd) for I2C_Cmd
    main.o(i.I2C_Config) refers to main.o(i.I2C2_Config) for I2C2_Config
    main.o(i.SPI1_Config) refers to stm32f4xx_rcc.o(i.RCC_APB2PeriphClockCmd) for RCC_APB2PeriphClockCmd
    main.o(i.SPI1_Config) refers to stm32f4xx_rcc.o(i.RCC_AHB1PeriphClockCmd) for RCC_AHB1PeriphClockCmd
    main.o(i.SPI1_Config) refers to stm32f4xx_gpio.o(i.GPIO_PinAFConfig) for GPIO_PinAFConfig
    main.o(i.SPI1_Config) refers to stm32f4xx_gpio.o(i.GPIO_Init) for GPIO_Init
    main.o(i.SPI1_Config) refers to stm32f4xx_gpio.o(i.GPIO_SetBits) for GPIO_SetBits
    main.o(i.SPI1_Config) refers to stm32f4xx_spi.o(i.SPI_Init) for SPI_Init
    main.o(i.SPI1_Config) refers to stm32f4xx_spi.o(i.SPI_Cmd) for SPI_Cmd
    main.o(i.SPI_Exchange) refers to stm32f4xx_spi.o(i.SPI_I2S_SendData) for SPI_I2S_SendData
[...]
    __rt_entry_presh_1                       0x08000269   Thumb Code     0  __rtentry2.o(.ARM.Collect$$rtentry$$00000002)
    __rt_entry_sh                            0x08000269   Thumb Code     0  __rtentry4.o(.ARM.Collect$$rtentry$$00000004)
    __rt_entry_li                            0x0800026f   Thumb Code     0  __rtentry2.o(.ARM.Collect$$rtentry$$0000000A)
    __rt_entry_postsh_1                      0x0800026f   Thumb Code     0  __rtentry2.o(.ARM.Collect$$rtentry$$00000009)
    __rt_entry_main                          0x08000273   Thumb Code     0  __rtentry2.o(.ARM.Collect$$rtentry$$0000000D)
    __rt_entry_postli_1                      0x08000273   Thumb Code     0  __rtentry2.o(.ARM.Collect$$rtentry$$0000000C)
    __rt_exit                                0x0800027b   Thumb Code     0  rtexit.o(.ARM.Collect$$rtexit$$00000000)
    __rt_exit_ls                             0x0800027d   Thumb Code     0  rtexit2.o(.ARM.Collect$$rtexit$$00000003)
    __rt_exit_prels_1                        0x0800027d   Thumb Code     0  rtexit2.o(.ARM.Collect$$rtexit$$00000002)
    __rt_exit_exit                           0x08000281   Thumb Code     0  rtexit2.o(.ARM.Collect$$rtexit$$00000004)
    SVC_Handler                              0x08000289   Thumb Code    28  port.o(.emb_text)
    __asm___6_port_c_39a90d8d__prvStartFirstTask 0x080002a9   Thumb Code    36  port.o(.emb_text)
    __asm___6_port_c_39a90d8d__prvEnableVFP  0x080002d1   Thumb Code    16  port.o(.emb_text)
    PendSV_Handler                           0x080002e5   Thumb Code    88  port.o(.emb_text)
    vPortGetIPSR                             0x08000341   Thumb Code     6  port.o(.emb_text)
    Reset_Handler                            0x08000349   Thumb Code     8  startup_stm32f40_41xxx.o(.text)
    ADC_IRQHandler                           0x08000363   Thumb Code     0  startup_stm32f40_41xxx.o(.text)
    CAN1_RX0_IRQHandler                      0x08000363   Thumb Code     0  startup_stm32f40_41xxx.o(.text)
    CAN1_RX1_IRQHandler                      0x08000363   Thumb Code     0  startup_stm32f40_41xxx.o(.text)
    CAN1_SCE_IRQHandler                      0x08000363   Thumb Code     0  startup_stm32f40_41xxx.o(.text)
    CAN1_TX_IRQHandler                       0x08000363   Thumb Code     0  startup_stm32f40_41xxx.o(.text)
    CAN2_RX0_IRQHandler                      0x08000363   Thumb Code     0  startup_stm32f40_41xxx.o(.text)
    CAN2_RX1_IRQHandler                      0x08000363   Thumb Code     0  startup_stm32f40_41xxx.o(.text)
    CAN2_SCE_IRQHandler                      0x08000363   Thumb Code     0  startup_stm32f40_41xxx.o(.text)
    CAN2_TX_IRQHandler                       0x08000363   Thumb Code     0  startup_stm32f40_41xxx.o(.text)
    CRYP_IRQHandler                          0x08000363   Thumb Code     0  startup_stm32f40_41xxx.o(.text)
    DCMI_IRQHandler                          0x08000363   Thumb Code     0  startup_stm32f40_41xxx.o(.text)
    DMA1_Stream0_IRQHandler                  0x08000363   Thumb Code     0  startup_stm32f40_41xxx.o(.text)
    DMA1_Stream1_IRQHandler                  0x08000363   Thumb Code     0  startup_stm32f40_41xxx.o(.text)
    DMA1_Stream2_IRQHandler                  0x08000363   Thumb Code     0  startup_stm32f40_41xxx.o(.text)
    DMA1_Stream3_IRQHandler                  0x08000363   Thumb Code     0  startup_stm32f40_41xxx.o(.text)
    DMA1_Stream4_IRQHandler                  0x08000363   Thumb Code     0  startup_stm32f40_41xxx.o(.text)
    DMA1_Stream5_IRQHandler                  0x08000363   Thumb Code     0  startup_stm32f40_41xxx.o(.text)
    DMA1_Stream6_IRQHandler                  0x08000363   Thumb Code     0  startup_stm32f40_41xxx.o(.text)
    DMA1_Stream7_IRQHandler                  0x08000363   Thumb Code     0  startup_stm32f40_41xxx.o(.text)
    DMA2_Stream0_IRQHandler                  0x08000363   Thumb Code     0  startup_stm32f40_41xxx.o(.text)
    DMA2_Stream1_IRQHandler                  0x08000363   Thumb Code     0  startup_stm32f40_41xxx.o(.text)
    DMA2_Stream2_IRQHandler                  0x08000363   Thumb Code     0  startup_stm32f40_41xxx.o(.text)
    DMA2_Stream3_IRQHandler                  0x08000363   Thumb Code     0  startup_stm32f40_41xxx.o(.text)
    DMA2_Stream4_IRQHandler                  0x08000363   Thumb Code     0  startup_stm32f40_41xxx.o(.text)
    DMA2_Stream5_IRQHandler                  0x08000363   Thumb Code     0  startup_stm32f40_41xxx.o(.text)
    DMA2_Stream6_IRQHandler                  0x08000363   Thumb Code     0  startup_stm32f40_41xxx.o(.text)
    DMA2_Stream7_IRQHandler                  0x08000363   Thumb Code     0  startup_stm32f40_41xxx.o(.text)
    ETH_IRQHandler                           0x08000363   Thumb Code     0  startup_stm32f40_41xxx.o(.text)
    ETH_WKUP_IRQHandler                      0x08000363   Thumb Code     0  startup_stm32f40_41xxx.o(.text)
    EXTI0_IRQHandler                         0x08000363   Thumb Code     0  startup_stm32f40_41xxx.o(.text)
    EXTI15_10_IRQHandler                     0x08000363   Thumb Code     0  startup_stm32f40_41xxx.o(.text)
    EXTI2_IRQHandler                         0x08000363   Thumb Code     0  startup_stm32f40_41xxx.o(.text)
    EXTI3_IRQHandler                         0x08000363   Thumb Code     0  startup_stm32f40_41xxx.o(.text)
    EXTI4_IRQHandler                         0x08000363   Thumb Code     0  startup_stm32f40_41xxx.o(.text)
    EXTI9_5_IRQHandler                       0x08000363   Thumb Code     0  startup_stm32f40_41xxx.o(.text)
    FLASH_IRQHandler                         0x08000363   Thumb Code     0  startup_stm32f40_41xxx.o(.text)
    FPU_IRQHandler                           0x08000363   Thumb Code     0  startup_stm32f40_41xxx.o(.text)
    FSMC_IRQHandler                          0x08000363   Thumb Code     0  startup_stm32f40_41xxx.o(.text)
    HASH_RNG_IRQHandler                      0x08000363   Thumb Code     0  startup_stm32f40_41xxx.o(.text)
    I2C1_ER_IRQHandler                       0x08000363   Thumb Code     0  startup_stm32f40_41xxx.o(.text)
    I2C1_EV_IRQHandler                       0x08000363   Thumb Code     0  startup_stm32f40_41xxx.o(.text)
    I2C2_ER_IRQHandler                       0x08000363   Thumb Code     0  startup_stm32f40_41xxx.o(.text)
    I2C2_EV_IRQHandler                       0x08000363   Thumb Code     0  startup_stm32f40_41xxx.o(.text)
    I2C3_ER_IRQHandler                       0x08000363   Thumb Code     0  startup_stm32f40_41xxx.o(.text)
    I2C3_EV_IRQHandler                       0x08000363   Thumb Code     0  startup_stm32f40_41xxx.o(.text)
    OTG_FS_IRQHandler                        0x08000363   Thumb Code     0  startup_stm32f40_41xxx.o(.text)
    OTG_FS_WKUP_IRQHandler                   0x08000363   Thumb Code     0  startup_stm32f40_41xxx.o(.text)
    OTG_HS_EP1_IN_IRQHandler                 0x08000363   Thumb Code     0  startup_stm32f40_41xxx.o(.text)
    OTG_HS_EP1_OUT_IRQHandler                0x08000363   Thumb Code     0  startup_stm32f40_41xxx.o(.text)
    OTG_HS_IRQHandler                        0x08000363   Thumb Code     0  startup_stm32f40_41xxx.o(.text)
    OTG_HS_WKUP_IRQHandler                   0x08000363   Thumb Code     0  startup_stm32f40_41xxx.o(.text)
    PVD_IRQHandler                           0x08000363   Thumb Code     0  startup_stm32f40_41xxx.o(.text)
    RCC_IRQHandler                           0x08000363   Thumb Code     0  startup_stm32f40_41xxx.o(.text)
    RTC_Alarm_IRQHandler                     0x08000363   Thumb Code     0  startup_stm32f40_41xxx.o(.text)
    RTC_WKUP_IRQHandler                      0x08000363   Thumb Code     0  startup_stm32f40_41xxx.o(.text)
    SDIO_IRQHandler                          0x08000363   Thumb Code     0  startup_stm32f40_41xxx.o(.text)
    SPI1_IRQHandler                          0x08000363   Thumb Code     0  startup_stm32f40_41xxx.o(.text)
    SPI2_IRQHandler                          0x08000363   Thumb Code     0  startup_stm32f40_41xxx.o(.text)
    SPI3_IRQHandler                          0x08000363   Thumb Code     0  startup_stm32f40_41xxx.o(.text)
    TAMP_STAMP_IRQHandler                    0x08000363   Thumb Code     0  startup_stm32f40_41xxx.o(.text)
    TIM1_BRK_TIM9_IRQHandler                 0x08000363   Thumb Code     0  startup_stm32f40_41xxx.o(.text)
    TIM1_CC_IRQHandler                       0x08000363   Thumb Code     0  startup_stm32f40_41xxx.o(.text)
    TIM1_TRG_COM_TIM11_IRQHandler            0x08000363   Thumb Code     0  startup_stm32f40_41xxx.o(.text)
    TIM1_UP_TIM10_IRQHandler                 0x08000363   Thumb Code     0  startup_stm32f40_41xxx.o(.text)
    TIM2_IRQHandler                          0x08000363   Thumb Code     0  startup_stm32f40_41xxx.o(.text)
    TIM3_IRQHandler                          0x08000363   Thumb Code     0  startup_stm32f40_41xxx.o(.text)
    TIM4_IRQHandler                          0x08000363   Thumb Code     0  startup_stm32f40_41xxx.o(.text)
    TIM5_IRQHandler                          0x08000363   Thumb Code     0  startup_stm32f40_41xxx.o(.text)
    TIM6_DAC_IRQHandler                      0x08000363   Thumb Code     0  startup_stm32f40_41xxx.o(.text)
    TIM7_IRQHandler                          0x08000363   Thumb Code     0  startup_stm32f40_41xxx.o(.text)
    TIM8_BRK_TIM12_IRQHandler                0x08000363   Thumb Code     0  startup_stm32f40_41xxx.o(.text)
    TIM8_CC_IRQHandler                       0x08000363   Thumb Code     0  startup_stm32f40_41xxx.o(.text)
    TIM8_TRG_COM_TIM14_IRQHandler            0x08000363   Thumb Code     0  startup_stm32f40_41xxx.o(.text)
    TIM8_UP_TIM13_IRQHandler                 0x08000363   Thumb Code     0  startup_stm32f40_41xxx.o(.text)
    UART4_IRQHandler                         0x08000363   Thumb Code     0  startup_stm32f40_41xxx.o(.text)
    UART5_IRQHandler                         0x08000363   Thumb Code     0  startup_stm32f40_41xxx.o(.text)
    USART1_IRQHandler                        0x08000363   Thumb Code     0  startup_stm32f40_41xxx.o(.text)
    USART6_IRQHandler                        0x08000363   Thumb Code     0  startup_stm32f40_41xxx.o(.text)
    WWDG_IRQHandler                          0x08000363   Thumb Code     0  startup_stm32f40_41xxx.o(.text)
    __user_initial_stackheap                 0x08000365   Thumb Code     0  startup_stm32f40_41xxx.o(.text)
    __2sprintf                               0x08000389   Thumb Code    34  noretval__2sprintf.o(.text)
    _printf_int_dec                          0x080003b1   Thumb Code   104  _printf_dec.o(.text)
    __printf                                 0x08000429   Thumb Code   308  __printf_flags_wp.o(.text)
    __aeabi_memcpy                           0x08000561   Thumb Code     0  rt_memcpy_v6.o(.text)
    __rt_memcpy                              0x08000561   Thumb Code   138  rt_memcpy_v6.o(.text)
    _memcpy_lastbytes                        0x080005c7   Thumb Code     0  rt_memcpy_v6.o(.text)
    __aeabi_memset                           0x080005eb   Thumb Code    16  aeabi_memset.o(.text)
    __aeabi_memclr4                          0x080005fb   Thumb Code     0  rt_memclr_w.o(.text)
    __aeabi_memclr8                          0x080005fb   Thumb Code     0  rt_memclr_w.o(.text)
    __rt_memclr_w                            0x080005fb   Thumb Code    78  rt_memclr_w.o(.text)
    _memset_w                                0x080005ff   Thumb Code     0  rt_memclr_w.o(.text)
    __use_two_region_memory                  0x08000649   Thumb Code     2  heapauxi.o(.text)
    __rt_heap_escrow$2region                 0x0800064b   Thumb Code     2  heapauxi.o(.text)
    __rt_heap_expand$2region                 0x0800064d   Thumb Code     2  heapauxi.o(.text)
    __read_errno                             0x0800064f   Thumb Code    10  _rserrno.o(.text)
    __set_errno                              0x08000659   Thumb Code    12  _rserrno.o(.text)
    _printf_int_common                       0x08000665   Thumb Code   178  _printf_intcommon.o(.text)
    __lib_sel_fp_printf                      0x08000717   Thumb Code     2  _printf_fp_dec.o(.text)
    _printf_fp_dec_real                      0x080008c9   Thumb Code   620  _printf_fp_dec.o(.text)
    _printf_char_common                      0x08000b3f   Thumb Code    32  _printf_char_common.o(.text)
    _sputc                                   0x08000b65   Thumb Code    10  _sputc.o(.text)
    __aeabi_memcpy4                          0x08000b6f   Thumb Code     0  rt_memcpy_w.o(.text)
    __aeabi_memcpy8                          0x08000b6f   Thumb Code     0  rt_memcpy_w.o(.text)
    __rt_memcpy_w                            0x08000b6f   Thumb Code   100  rt_memcpy_w.o(.text)
    _memcpy_lastbytes_aligned                0x08000bb7   Thumb Code     0  rt_memcpy_w.o(.text)
    __aeabi_memclr                           0x08000bd3   Thumb Code     0  rt_memclr.o(.text)
    __rt_memclr                              0x08000bd3   Thumb Code    68  rt_memclr.o(.text)
    _memset                                  0x08000bd7   Thumb Code     0  rt_memclr.o(.text)
    __rt_locale                              0x08000c19   Thumb Code     8  rt_locale_intlibspace.o(.text)
    __aeabi_errno_addr                       0x08000c21   Thumb Code     8  rt_errno_addr_intlibspace.o(.text)
    __errno$intlibspace                      0x08000c21   Thumb Code     0  rt_errno_addr_intlibspace.o(.text)
    __rt_errno_addr$intlibspace              0x08000c21   Thumb Code     0  rt_errno_addr_intlibspace.o(.text)
    _ll_udiv10                               0x08000c29   Thumb Code   138  lludiv10.o(.text)
    _printf_fp_infnan                        0x08000cb5   Thumb Code   112  _printf_fp_infnan.o(.text)
    _btod_etento                             0x08000d35   Thumb Code   224  bigflt0.o(.text)
    __user_libspace                          0x08000e19   Thumb Code     8  libspace.o(.text)
    __user_perproc_libspace                  0x08000e19   Thumb Code     0  libspace.o(.text)
    __user_perthread_libspace                0x08000e19   Thumb Code     0  libspace.o(.text)
    __user_setup_stackheap                   0x08000e21   Thumb Code    74  sys_stackheap_outer.o(.text)
    exit                                     0x08000e6b   Thumb Code    18  exit.o(.text)
    strcmp                                   0x08000e7d   Thumb Code   128  strcmpv7m.o(.text)
    _sys_exit                                0x08000efd   Thumb Code     8  sys_exit.o(.text)
    __I$use$semihosting                      0x08000f09   Thumb Code     0  use_no_semi.o(.text)
    __use_no_semihosting_swi                 0x08000f09   Thumb Code     2  use_no_semi.o(.text)
    __semihosting_library_function           0x08000f0b   Thumb Code     0  indicate_semi.o(.text)
    _btod_d2e                                0x08000f0b   Thumb Code    62  btod.o(CL$$btod_d2e)
    _d2e_denorm_low                          0x08000f49   Thumb Code    70  btod.o(CL$$btod_d2e_denorm_low)
    _d2e_norm_op1                            0x08000f8f   Thumb Code    96  btod.o(CL$$btod_d2e_norm_op1)
    __btod_div_common                        0x08000fef   Thumb Code   696  btod.o(CL$$btod_div_common)
    _e2e                                     0x08001327   Thumb Code   220  btod.o(CL$$btod_e2e)
    _btod_ediv                               0x08001403   Thumb Code    42  btod.o(CL$$btod_ediv)
    _btod_emul                               0x0800142d   Thumb Code    42  btod.o(CL$$btod_emul)
    __btod_mult_common                       0x08001457   Thumb Code   580  btod.o(CL$$btod_mult_common)
    ADC_Cmd                                  0x080017d5   Thumb Code    76  stm32f4xx_adc.o(i.ADC_Cmd)
    ADC_CommonInit                           0x08001855   Thumb Code   342  stm32f4xx_adc.o(i.ADC_CommonInit)
    ADC_Config                               0x080019e1   Thumb Code    14  main.o(i.ADC_Config)
    ADC_DMACmd                               0x080019f5   Thumb Code    76  stm32f4xx_adc.o(i.ADC_DMACmd)
    ADC_DMARequestAfterLastTransferCmd       0x08001a75   Thumb Code    76  stm32f4xx_adc.o(i.ADC_DMARequestAfterLastTransferCmd)
    ADC_Init                                 0x08001af5   Thumb Code   402  stm32f4xx_adc.o(i.ADC_Init)
    ADC_RegularChannelConfig                 0x08001cc5   Thumb Code   408  stm32f4xx_adc.o(i.ADC_RegularChannelConfig)
    ADC_SoftwareStartConv                    0x08001e91   Thumb Code    44  stm32f4xx_adc.o(i.ADC_SoftwareStartConv)
    BusFault_Handler                         0x08001ef1   Thumb Code     4  stm32f4xx_it.o(i.BusFault_Handler)
    DMA_Cmd                                  0x08001ef5   Thumb Code   182  stm32f4xx_dma.o(i.DMA_Cmd)
    DMA_Init                                 0x08001fe9   Thumb Code   658  stm32f4xx_dma.o(i.DMA_Init)
    DebugMon_Handler                         0x080022bd   Thumb Code     2  stm32f4xx_it.o(i.DebugMon_Handler)
    EXTI1_IRQHandler                         0x080022c1   Thumb Code    54  main.o(i.EXTI1_IRQHandler)
    EXTI_ClearITPendingBit                   0x08002305   Thumb Code    30  stm32f4xx_exti.o(i.EXTI_ClearITPendingBit)
    EXTI_Config                              0x08002351   Thumb Code    14  main.o(i.EXTI_Config)
    EXTI_GenerateSWInterrupt                 0x08002361   Thumb Code    34  stm32f4xx_exti.o(i.EXTI_GenerateSWInterrupt)
    EXTI_GetITStatus                         0x080023b1   Thumb Code   164  stm32f4xx_exti.o(i.EXTI_GetITStatus)
    EXTI_Init                                0x08002481   Thumb Code   236  stm32f4xx_exti.o(i.EXTI_Init)
    EndData                                  0x080025e9   Thumb Code    16  main.o(i.EndData)
    GPIO_Init                                0x080026e9   Thumb Code   352  stm32f4xx_gpio.o(i.GPIO_Init)
    GPIO_PinAFConfig                         0x0800289d   Thumb Code   352  stm32f4xx_gpio.o(i.GPIO_PinAFConfig)
    GPIO_ReadInputDataBit                    0x08002a51   Thumb Code   194  stm32f4xx_gpio.o(i.GPIO_ReadInputDataBit)
    GPIO_WriteBit                            0x08002b69   Thumb Code   206  stm32f4xx_gpio.o(i.GPIO_WriteBit)
    HardFault_Handler                        0x08002c8d   Thumb Code     4  stm32f4xx_it.o(i.HardFault_Handler)
    I2C_CheckEvent                           0x08002d21   Thumb Code   228  stm32f4xx_i2c.o(i.I2C_CheckEvent)
    I2C_Cmd                                  0x08002e65   Thumb Code    78  stm32f4xx_i2c.o(i.I2C_Cmd)
    I2C_Config                               0x08002ef5   Thumb Code     8  main.o(i.I2C_Config)
    I2C_GenerateSTART                        0x08002efd   Thumb Code    78  stm32f4xx_i2c.o(i.I2C_GenerateSTART)
    I2C_GenerateSTOP                         0x08002f8d   Thumb Code    78  stm32f4xx_i2c.o(i.I2C_GenerateSTOP)
    I2C_GetFlagStatus                        0x0800301d   Thumb Code   238  stm32f4xx_i2c.o(i.I2C_GetFlagStatus)
    I2C_Init                                 0x08003165   Thumb Code   388  stm32f4xx_i2c.o(i.I2C_Init)
    I2C_Send7bitAddress                      0x08003339   Thumb Code    72  stm32f4xx_i2c.o(i.I2C_Send7bitAddress)
    I2C_SendData                             0x080033c1   Thumb Code    40  stm32f4xx_i2c.o(i.I2C_SendData)
    I2C_start                                0x08003429   Thumb Code    94  rtc_i2c.o(i.I2C_start)
    I2C_stop                                 0x08003495   Thumb Code    12  rtc_i2c.o(i.I2C_stop)
    I2C_write                                0x080034a5   Thumb Code    28  rtc_i2c.o(i.I2C_write)
    MemManage_Handler                        0x080034c9   Thumb Code     4  stm32f4xx_it.o(i.MemManage_Handler)
    NMI_Handler                              0x080034cd   Thumb Code     2  stm32f4xx_it.o(i.NMI_Handler)
    NVIC_Init                                0x080034d1   Thumb Code   164  misc.o(i.NVIC_Init)
    NVIC_PriorityGroupConfig                 0x080035a9   Thumb Code    54  misc.o(i.NVIC_PriorityGroupConfig)
    RCC_AHB1PeriphClockCmd                   0x08003611   Thumb Code    70  stm32f4xx_rcc.o(i.RCC_AHB1PeriphClockCmd)
    RCC_APB1PeriphClockCmd                   0x08003689   Thumb Code    70  stm32f4xx_rcc.o(i.RCC_APB1PeriphClockCmd)
    RCC_APB2PeriphClockCmd                   0x080036fd   Thumb Code    70  stm32f4xx_rcc.o(i.RCC_APB2PeriphClockCmd)
    RCC_GetClocksFreq                        0x08003775   Thumb Code   214  stm32f4xx_rcc.o(i.RCC_GetClocksFreq)
    SYSCFG_EXTILineConfig                    0x0800385d   Thumb Code   188  stm32f4xx_syscfg.o(i.SYSCFG_EXTILineConfig)
    SysTick_Handler                          0x08003a31   Thumb Code    46  port.o(i.SysTick_Handler)
    SystemInit                               0x08003a65   Thumb Code    88  system_stm32f4xx.o(i.SystemInit)
    TIM_Cmd                                  0x08003b85   Thumb Code   144  stm32f4xx_tim.o(i.TIM_Cmd)
    TIM_Config                               0x08003c7d   Thumb Code    16  main.o(i.TIM_Config)
    TIM_GetCounter                           0x08003c8d   Thumb Code   104  stm32f4xx_tim.o(i.TIM_GetCounter)
    TIM_SetCounter                           0x08003d5d   Thumb Code   106  stm32f4xx_tim.o(i.TIM_SetCounter)
    TIM_TimeBaseInit                         0x08003e31   Thumb Code   278  stm32f4xx_tim.o(i.TIM_TimeBaseInit)
    USART2_IRQHandler                        0x08004111   Thumb Code    70  main.o(i.USART2_IRQHandler)
    USART3_IRQHandler                        0x0800423d   Thumb Code   146  main.o(i.USART3_IRQHandler)
    USART3_puts                              0x080042ed   Thumb Code    40  main.o(i.USART3_puts)
    USART_ClearFlag                          0x08004319   Thumb Code   152  stm32f4xx_usart.o(i.USART_ClearFlag)
    USART_Cmd                                0x08004401   Thumb Code   120  stm32f4xx_usart.o(i.USART_Cmd)
    USART_Config                             0x080044c9   Thumb Code    16  main.o(i.USART_Config)
    USART_GetITStatus                        0x080044d9   Thumb Code   302  stm32f4xx_usart.o(i.USART_GetITStatus)
    USART_ITConfig                           0x08004659   Thumb Code   284  stm32f4xx_usart.o(i.USART_ITConfig)
    USART_Init                               0x080047c5   Thumb Code   496  stm32f4xx_usart.o(i.USART_Init)
    USART_OverSampling8Cmd                   0x08004a09   Thumb Code   118  stm32f4xx_usart.o(i.USART_OverSampling8Cmd)
    USART_ReceiveData                        0x08004ad1   Thumb Code    84  stm32f4xx_usart.o(i.USART_ReceiveData)
    USART_SendData                           0x08004b75   Thumb Code   104  stm32f4xx_usart.o(i.USART_SendData)
    UsageFault_Handler                       0x08004c2d   Thumb Code     4  stm32f4xx_it.o(i.UsageFault_Handler)
    __ARM_fpclassify                         0x08004c31   Thumb Code    48  fpclassify.o(i.__ARM_fpclassify)
    __ARM_fpclassifyf                        0x08004c61   Thumb Code    38  fpclassifyf.o(i.__ARM_fpclassifyf)
    __hardfp_powf                            0x08004c89   Thumb Code  1606  powf.o(i.__hardfp_powf)
    __mathlib_powf                           0x08004c89   Thumb Code     0  powf.o(i.__hardfp_powf)
    __mathlib_flt_divzero                    0x080052ed   Thumb Code    14  funder.o(i.__mathlib_flt_divzero)
    __mathlib_flt_infnan2                    0x08005301   Thumb Code     6  funder.o(i.__mathlib_flt_infnan2)
    __mathlib_flt_invalid                    0x08005309   Thumb Code    10  funder.o(i.__mathlib_flt_invalid)
    __mathlib_flt_overflow                   0x08005319   Thumb Code    10  funder.o(i.__mathlib_flt_overflow)
    __mathlib_flt_underflow                  0x08005329   Thumb Code    10  funder.o(i.__mathlib_flt_underflow)
    _is_digit                                0x08005339   Thumb Code    14  __printf_wp.o(i._is_digit)
    assert_failed                            0x08005347   Thumb Code     4  main.o(i.assert_failed)
    ds1307_set_rtc_datetime                  0x0800534b   Thumb Code   262  rtc_ds1307.o(i.ds1307_set_rtc_datetime)
    ds18b20_init_seq                         0x08005451   Thumb Code    80  ds18b20_mflib.o(i.ds18b20_init_seq)
    ds18b20_read_bit                         0x080054a9   Thumb Code    64  ds18b20_mflib.o(i.ds18b20_read_bit)
    ds18b20_read_byte                        0x080054ed   Thumb Code    30  ds18b20_mflib.o(i.ds18b20_read_byte)
    ds18b20_read_temp                        0x0800550d   Thumb Code    96  ds18b20_mflib.o(i.ds18b20_read_temp)
    ds18b20_send_function_cmd                0x08005571   Thumb Code    30  ds18b20_mflib.o(i.ds18b20_send_function_cmd)
    ds18b20_send_rom_cmd                     0x08005595   Thumb Code    12  ds18b20_mflib.o(i.ds18b20_send_rom_cmd)
    ds18b20_write_byte                       0x080055a1   Thumb Code   104  ds18b20_mflib.o(i.ds18b20_write_byte)
    handleHMI                                0x0800560d   Thumb Code   828  main.o(i.handleHMI)
    handleUARTRX                             0x080059c9   Thumb Code   774  main.o(i.handleUARTRX)
    main                                     0x08005cf9   Thumb Code   760  main.o(i.main)
    mydelayus                                0x08006279   Thumb Code    30  main.o(i.mydelayus)
    mystrlength                              0x08006297   Thumb Code    46  main.o(i.mystrlength)
    pageCalPPM                               0x080062c5   Thumb Code   160  main.o(i.pageCalPPM)
    pageCalSonic                             0x080063a1   Thumb Code   160  main.o(i.pageCalSonic)
    pageCalTemp                              0x0800647d   Thumb Code   182  main.o(i.pageCalTemp)
    pageCalpH                                0x08006571   Thumb Code   182  main.o(i.pageCalpH)
    pageFeritilizer                          0x08006665   Thumb Code   130  main.o(i.pageFeritilizer)
    pageFlow                                 0x0800671d   Thumb Code    16  main.o(i.pageFlow)
    pageGraph                                0x0800672d   Thumb Code   466  main.o(i.pageGraph)
    pageHome                                 0x0800696d   Thumb Code  1758  main.o(i.pageHome)
    pagePPM                                  0x080070b9   Thumb Code   186  main.o(i.pagePPM)
    pagePPM2                                 0x080071bd   Thumb Code   740  main.o(i.pagePPM2)
    pagePeristaltic                          0x08007525   Thumb Code   594  main.o(i.pagePeristaltic)
    pageProfile                              0x080078f1   Thumb Code    16  main.o(i.pageProfile)
    pagePump                                 0x08007901   Thumb Code   262  main.o(i.pagePump)
    pagePump2                                0x08007a75   Thumb Code   118  main.o(i.pagePump2)
    pagePump3                                0x08007b15   Thumb Code   134  main.o(i.pagePump3)
    pagePump4                                0x08007bc5   Thumb Code   214  main.o(i.pagePump4)
    pagePump5                                0x08007d0d   Thumb Code    16  main.o(i.pagePump5)
    pageRefilldate                           0x08007d1d   Thumb Code    64  main.o(i.pageRefilldate)
    pageSetting                              0x08007d75   Thumb Code   240  main.o(i.pageSetting)
    pageSettingDate                          0x08007ec9   Thumb Code   104  main.o(i.pageSettingDate)
    pageTank                                 0x08007f49   Thumb Code   186  main.o(i.pageTank)
    pageTank2                                0x0800804d   Thumb Code    16  main.o(i.pageTank2)
    pageValve                                0x0800805d   Thumb Code   742  main.o(i.pageValve)
    pageValve2                               0x08008579   Thumb Code   744  main.o(i.pageValve2)
    pageWarning                              0x08008a95   Thumb Code   908  main.o(i.pageWarning)
    pageWifi                                 0x08008f69   Thumb Code   100  main.o(i.pageWifi)
    pagepH                                   0x08008ff1   Thumb Code   294  main.o(i.pagepH)
    pvPortMalloc                             0x08009ba5   Thumb Code   306  heap_4.o(i.pvPortMalloc)
    pvTaskIncrementMutexHeldCount            0x08009cf1   Thumb Code    26  tasks.o(i.pvTaskIncrementMutexHeldCount)
    pxPortInitialiseStack                    0x08009d11   Thumb Code    38  port.o(i.pxPortInitialiseStack)
    readSensor                               0x08009d3d   Thumb Code   864  main.o(i.readSensor)
    uxListRemove                             0x0800a125   Thumb Code    40  list.o(i.uxListRemove)
    vApplicationIdleHook                     0x0800a14d   Thumb Code     2  tasks.o(i.vApplicationIdleHook)
    vListInitialise                          0x0800a14f   Thumb Code    26  list.o(i.vListInitialise)
    vListInitialiseItem                      0x0800a169   Thumb Code     6  list.o(i.vListInitialiseItem)
    vListInsert                              0x0800a16f   Thumb Code    52  list.o(i.vListInsert)
    vListInsertEnd                           0x0800a1a3   Thumb Code    24  list.o(i.vListInsertEnd)
    vPortEnterCritical                       0x0800a1bd   Thumb Code    76  port.o(i.vPortEnterCritical)
    vPortExitCritical                        0x0800a211   Thumb Code    56  port.o(i.vPortExitCritical)
    vPortFree                                0x0800a24d   Thumb Code   150  heap_4.o(i.vPortFree)
    vPortSetupTimerInterrupt                 0x0800a2f1   Thumb Code    36  port.o(i.vPortSetupTimerInterrupt)
    vPortValidateInterruptPriority           0x0800a319   Thumb Code   106  port.o(i.vPortValidateInterruptPriority)
    vQueueAddToRegistry                      0x0800a391   Thumb Code    38  queue.o(i.vQueueAddToRegistry)
    vQueueWaitForMessageRestricted           0x0800a3bd   Thumb Code    74  queue.o(i.vQueueWaitForMessageRestricted)
    vTaskDelay                               0x0800a409   Thumb Code    82  tasks.o(i.vTaskDelay)
    vTaskDelete                              0x0800a465   Thumb Code   202  tasks.o(i.vTaskDelete)
    vTaskInternalSetTimeOutState             0x0800a559   Thumb Code    14  tasks.o(i.vTaskInternalSetTimeOutState)
    vTaskMissedYield                         0x0800a571   Thumb Code     8  tasks.o(i.vTaskMissedYield)
    vTaskPlaceOnEventList                    0x0800a57d   Thumb Code    52  tasks.o(i.vTaskPlaceOnEventList)
    vTaskPlaceOnEventListRestricted          0x0800a5b5   Thumb Code    60  tasks.o(i.vTaskPlaceOnEventListRestricted)
    vTaskPriorityDisinheritAfterTimeout      0x0800a5f5   Thumb Code   224  tasks.o(i.vTaskPriorityDisinheritAfterTimeout)
    vTaskResume                              0x0800a6e1   Thumb Code   128  tasks.o(i.vTaskResume)
    vTaskStartScheduler                      0x0800a771   Thumb Code   118  tasks.o(i.vTaskStartScheduler)
    vTaskSuspend                             0x0800a805   Thumb Code   210  tasks.o(i.vTaskSuspend)
    vTaskSuspendAll                          0x0800a8f9   Thumb Code    12  tasks.o(i.vTaskSuspendAll)
    vTaskSwitchContext                       0x0800a909   Thumb Code   118  tasks.o(i.vTaskSwitchContext)
    xPortStartScheduler                      0x0800a995   Thumb Code   330  port.o(i.xPortStartScheduler)
    xQueueGenericCreate                      0x0800aafd   Thumb Code    84  queue.o(i.xQueueGenericCreate)
    xQueueGenericReset                       0x0800ab51   Thumb Code   146  queue.o(i.xQueueGenericReset)
    xQueueGenericSend                        0x0800abe9   Thumb Code   420  queue.o(i.xQueueGenericSend)
    xQueueGenericSendFromISR                 0x0800ad91   Thumb Code   252  queue.o(i.xQueueGenericSendFromISR)
    xQueueGiveFromISR                        0x0800ae8d   Thumb Code   224  queue.o(i.xQueueGiveFromISR)
    xQueueReceive                            0x0800af6d   Thumb Code   356  queue.o(i.xQueueReceive)
    xQueueSemaphoreTake                      0x0800b0d5   Thumb Code   434  queue.o(i.xQueueSemaphoreTake)
    xTaskCheckForTimeOut                     0x0800b28d   Thumb Code   132  tasks.o(i.xTaskCheckForTimeOut)
    xTaskCreate                              0x0800b319   Thumb Code    96  tasks.o(i.xTaskCreate)
    xTaskGetSchedulerState                   0x0800b379   Thumb Code    24  tasks.o(i.xTaskGetSchedulerState)
    xTaskGetTickCount                        0x0800b399   Thumb Code     6  tasks.o(i.xTaskGetTickCount)
    xTaskIncrementTick                       0x0800b3a5   Thumb Code   282  tasks.o(i.xTaskIncrementTick)
    xTaskPriorityDisinherit                  0x0800b4ed   Thumb Code   198  tasks.o(i.xTaskPriorityDisinherit)
    xTaskPriorityInherit                     0x0800b5c1   Thumb Code   174  tasks.o(i.xTaskPriorityInherit)
    xTaskRemoveFromEventList                 0x0800b67d   Thumb Code   128  tasks.o(i.xTaskRemoveFromEventList)
    xTaskResumeAll                           0x0800b715   Thumb Code   224  tasks.o(i.xTaskResumeAll)
    xTimerCreateTimerTask                    0x0800b819   Thumb Code    66  timers.o(i.xTimerCreateTimerTask)
    xTimerGenericCommand                     0x0800b871   Thumb Code   126  timers.o(i.xTimerGenericCommand)
    _get_lc_numeric                          0x0800b8f5   Thumb Code    44  lc_numeric_c.o(locale$$code)
    __aeabi_d2f                              0x0800b921   Thumb Code     0  d2f.o(x$fpl$d2f)
    _d2f                                     0x0800b921   Thumb Code    98  d2f.o(x$fpl$d2f)
    __aeabi_dadd                             0x0800b985   Thumb Code     0  daddsub_clz.o(x$fpl$dadd)
    _dadd                                    0x0800b985   Thumb Code   332  daddsub_clz.o(x$fpl$dadd)
    __aeabi_ddiv                             0x0800bad5   Thumb Code     0  ddiv.o(x$fpl$ddiv)
    _ddiv                                    0x0800bad5   Thumb Code   552  ddiv.o(x$fpl$ddiv)
    __aeabi_ui2d                             0x0800bd85   Thumb Code     0  dflt_clz.o(x$fpl$dfltu)
    _dfltu                                   0x0800bd85   Thumb Code    38  dflt_clz.o(x$fpl$dfltu)
    __aeabi_dmul                             0x0800bdad   Thumb Code     0  dmul.o(x$fpl$dmul)
    _dmul                                    0x0800bdad   Thumb Code   332  dmul.o(x$fpl$dmul)
    __fpl_dnaninf                            0x0800bf01   Thumb Code   156  dnaninf.o(x$fpl$dnaninf)
    __fpl_dretinf                            0x0800bf9d   Thumb Code    12  dretinf.o(x$fpl$dretinf)
    __aeabi_dsub                             0x0800bfa9   Thumb Code     0  daddsub_clz.o(x$fpl$dsub)
    _dsub                                    0x0800bfa9   Thumb Code   464  daddsub_clz.o(x$fpl$dsub)
    __aeabi_f2d                              0x0800c17d   Thumb Code     0  f2d.o(x$fpl$f2d)
    _f2d                                     0x0800c17d   Thumb Code    86  f2d.o(x$fpl$f2d)
    __fpl_fnaninf                            0x0800c1d3   Thumb Code   140  fnaninf.o(x$fpl$fnaninf)
    _fp_init                                 0x0800c25f   Thumb Code    10  fpinit.o(x$fpl$fpinit)
    __fplib_config_fpu_vfp                   0x0800c267   Thumb Code     0  fpinit.o(x$fpl$fpinit)
    __fplib_config_pureend_doubles           0x0800c267   Thumb Code     0  fpinit.o(x$fpl$fpinit)
    __fpl_fretinf                            0x0800c269   Thumb Code    10  fretinf.o(x$fpl$fretinf)
    _printf_fp_dec                           0x0800c273   Thumb Code     4  printf1.o(x$fpl$printf1)
    __I$use$fp                               0x0800c276   Number         0  usenofp.o(x$fpl$usenofp)
    Region$$Table$$Base                      0x0800c45c   Number         0  anon$$obj.o(Region$$Table)
    Region$$Table$$Limit                     0x0800c47c   Number         0  anon$$obj.o(Region$$Table)
    uhADCxConvertedValue                     0x20000000   Data           6  main.o(.data)
    modePumpDoser                            0x20000006   Data           4  main.o(.data)
    speedPumpDoser                           0x2000000a   Data           4  main.o(.data)
    phDownArrayBlock                         0x2000000e   Data           1  main.o(.data)
    phUpArrayBlock                           0x2000000f   Data           1  main.o(.data)
    tdsArrayBlock                            0x20000010   Data           1  main.o(.data)
    savePhDownResult                         0x20000011   Data           1  main.o(.data)
    savePhUpResult                           0x20000012   Data           1  main.o(.data)
    saveTdsResult                            0x20000013   Data           1  main.o(.data)
    logPhDownResult                          0x20000014   Data           1  main.o(.data)
    logPhUpResult                            0x20000015   Data           1  main.o(.data)
    logTdsResult                             0x20000016   Data           1  main.o(.data)
    phDownMls                                0x20000018   Data           4  main.o(.data)
    previousPhDownMls                        0x2000001c   Data           4  main.o(.data)
    phUpMls                                  0x20000020   Data           4  main.o(.data)
    previousPhUpMls                          0x20000024   Data           4  main.o(.data)
    tdsMls                                   0x20000028   Data           4  main.o(.data)
    previousTdsMls                           0x2000002c   Data           4  main.o(.data)
    previousPhDownSensor                     0x20000030   Data           4  main.o(.data)
    phDownSensorHistory                      0x20000034   Data           4  main.o(.data)
    previousPhUpSensor                       0x20000038   Data           4  main.o(.data)
    phUpSensorHistory                        0x2000003c   Data           4  main.o(.data)
    previousTdsSensor                        0x20000040   Data           4  main.o(.data)
    tdsSensorHistory                         0x20000044   Data           4  main.o(.data)
    phDownMultipler                          0x20000048   Data           4  main.o(.data)
    phUpMultipler                            0x2000004c   Data           4  main.o(.data)
    tdsMultipler                             0x20000050   Data           4  main.o(.data)
    tdsAMultipler                            0x20000054   Data           4  main.o(.data)
    tdsBMultipler                            0x20000058   Data           4  main.o(.data)
    dosingAmount                             0x2000005c   Data           4  main.o(.data)
    targetMinTds                             0x20000060   Data           4  main.o(.data)
    targetMaxTds                             0x20000064   Data           4  main.o(.data)
    tdsOffset                                0x20000068   Data           4  main.o(.data)
    adjustPhDown                             0x2000006c   Data           1  main.o(.data)
    swapInterval                             0x2000006d   Data           1  main.o(.data)
    ratiosDosing                             0x20000070   Data           4  main.o(.data)
    dosingComplete                           0x20000074   Data           1  main.o(.data)
    dosingInterval                           0x20000075   Data           1  main.o(.data)
    tankDepth                                0x20000076   Data           2  main.o(.data)
    NumValSaved                              0x20000078   Data           2  main.o(.data)
    errorMarginPH                            0x2000007c   Data           4  main.o(.data)
    errorMarginPPM                           0x20000080   Data           4  main.o(.data)
    errorMarginTANK                          0x20000084   Data           4  main.o(.data)
    errorMarginTEMP                          0x20000088   Data           4  main.o(.data)
    WifiInterval                             0x2000008c   Data           2  main.o(.data)
    targetMinTdsALL                          0x20000090   Data           4  main.o(.data)
    targetMaxTdsALL                          0x20000094   Data           4  main.o(.data)
    tdsOffsetALL                             0x20000098   Data           4  main.o(.data)
    targetMinPh                              0x2000009c   Data           4  main.o(.data)
    targetMaxPh                              0x200000a0   Data           4  main.o(.data)
    phOffset                                 0x200000a4   Data           4  main.o(.data)
    targetMinTankLv                          0x200000a8   Data           2  main.o(.data)
    targetMaxTankLv                          0x200000aa   Data           2  main.o(.data)
    TankLvOffset                             0x200000ac   Data           2  main.o(.data)
    ValveOneInfo                             0x200000ae   Data           3  main.o(.data)
    ValveTwoInfo                             0x200000b1   Data           3  main.o(.data)
    ValveThreeInfo                           0x200000b4   Data           3  main.o(.data)
    ValveFourInfo                            0x200000b7   Data           3  main.o(.data)
    ValveFiveInfo                            0x200000ba   Data           3  main.o(.data)
    ValveSixInfo                             0x200000bd   Data           3  main.o(.data)
    PerPumpOneInfo                           0x200000c0   Data           2  main.o(.data)
    PerPumpTwoInfo                           0x200000c2   Data           2  main.o(.data)
    PerPumpThreeInfo                         0x200000c4   Data           2  main.o(.data)
    PerPumpFourInfo                          0x200000c6   Data           2  main.o(.data)
    PumpAcOneInfo                            0x200000c8   Data           2  main.o(.data)
    PumpAcTwoInfo                            0x200000ca   Data           2  main.o(.data)
    DayWaterthePlants                        0x200000cc   Data           7  main.o(.data)
    RefillWhenLow                            0x200000d3   Data           1  main.o(.data)
    DisplayTimeOut                           0x200000d4   Data           6  main.o(.data)
    ResetALL                                 0x200000da   Data           1  main.o(.data)
    rtc_setdatetime                          0x200000db   Data           7  main.o(.data)
    sensorPHCalibration                      0x200000e4   Data           4  main.o(.data)
    sensorPPMCalibration                     0x200000e8   Data           2  main.o(.data)
    sensorTempCalibration                    0x200000ec   Data           4  main.o(.data)
    sensorSonicCalibration                   0x200000f0   Data           2  main.o(.data)
    Ratio                                    0x200000f2   Data           4  main.o(.data)
    countEXTI                                0x200000f6   Data           2  main.o(.data)
    reloadPage                               0x200000f8   Data           1  main.o(.data)
    currentlyDosing                          0x200000f9   Data           1  main.o(.data)
    rtc_getdatetime                          0x200000fa   Data           7  main.o(.data)
    page                                     0x20000101   Data           1  main.o(.data)
    prevpage                                 0x20000102   Data           1  main.o(.data)
    typedata                                 0x20000103   Data           1  main.o(.data)
    FlagTC                                   0x20000104   Data           1  main.o(.data)
    countRxData                              0x20000105   Data           1  main.o(.data)
    FlagHandleData                           0x20000106   Data           1  main.o(.data)
    IDHMI                                    0x20000107   Data           1  main.o(.data)
    xSemaphoreUARTRX                         0x20000108   Data           4  main.o(.data)
    xSemaphoreChangepage                     0x2000010c   Data           4  main.o(.data)
    xSemaphoreSonicSensor                    0x20000110   Data           4  main.o(.data)
    xSemaphoredosingInterval                 0x20000114   Data           4  main.o(.data)
    xSemaphoresensorsReady                   0x20000118   Data           4  main.o(.data)
    xSemaphoreHandleData                     0x2000011c   Data           4  main.o(.data)
    xSemaphoreHadData                        0x20000120   Data           4  main.o(.data)
    xSemaphoreEXTIZCD                        0x20000124   Data           4  main.o(.data)
    SaveDataEvery3Minute                     0x20000128   Data           4  main.o(.data)
    TaskpageHome                             0x2000012c   Data           4  main.o(.data)
    TaskpageWarning                          0x20000130   Data           4  main.o(.data)
    TaskpageWifi                             0x20000134   Data           4  main.o(.data)
    TaskpagePPM                              0x20000138   Data           4  main.o(.data)
    TaskpagePPM2                             0x2000013c   Data           4  main.o(.data)
    TaskpagepH                               0x20000140   Data           4  main.o(.data)
    TaskpageTank                             0x20000144   Data           4  main.o(.data)
    TaskpageTank2                            0x20000148   Data           4  main.o(.data)
    TaskpageValve                            0x2000014c   Data           4  main.o(.data)
    TaskpageValve2                           0x20000150   Data           4  main.o(.data)
    TaskpagePeristaltic                      0x20000154   Data           4  main.o(.data)
    TaskpagePump                             0x20000158   Data           4  main.o(.data)
    TaskpagePump2                            0x2000015c   Data           4  main.o(.data)
    TaskpagePump3                            0x20000160   Data           4  main.o(.data)
    TaskpagePump4                            0x20000164   Data           4  main.o(.data)
    TaskpagePump5                            0x20000168   Data           4  main.o(.data)
    TaskpageGraph                            0x2000016c   Data           4  main.o(.data)
    TaskpageSetting                          0x20000170   Data           4  main.o(.data)
    TaskpageSettingDate                      0x20000174   Data           4  main.o(.data)
    TaskpageRefilldate                       0x20000178   Data           4  main.o(.data)
    TaskpageCalpH                            0x2000017c   Data           4  main.o(.data)
    TaskpageCalPPM                           0x20000180   Data           4  main.o(.data)
    TaskpageCalTemp                          0x20000184   Data           4  main.o(.data)
    TaskpageCalSonic                         0x20000188   Data           4  main.o(.data)
    TaskpageFlow                             0x2000018c   Data           4  main.o(.data)
    TaskpageProfile                          0x20000190   Data           4  main.o(.data)
    TaskpageFeritilizer                      0x20000194   Data           4  main.o(.data)
    SystemCoreClock                          0x200001a4   Data           4  system_stm32f4xx.o(.data)
    AHBPrescTable                            0x200001a8   Data          16  system_stm32f4xx.o(.data)
    pxCurrentTCB                             0x200001c8   Data           4  tasks.o(.data)
    data_sensor                              0x20000244   Data          16  main.o(.bss)
    phDownDosingInc                          0x20000254   Data          80  main.o(.bss)
    phUpDosingInc                            0x200002a4   Data          80  main.o(.bss)
    tdsDosingInc                             0x200002f4   Data          80  main.o(.bss)
    sensorPHinDay                            0x20000344   Data        1000  main.o(.bss)
    sensorPPMinDay                           0x2000072c   Data        1000  main.o(.bss)
    sensorTANKinDay                          0x20000b14   Data        1000  main.o(.bss)
    sensorTEMPinDay                          0x20000efc   Data        1000  main.o(.bss)
    PPMStage                                 0x200012e4   Data          10  main.o(.bss)
    DayPPMStageOne                           0x200012ee   Data          31  main.o(.bss)
    DayPPMStageTwo                           0x2000130d   Data          31  main.o(.bss)
    DayPPMStageThree                         0x2000132c   Data          31  main.o(.bss)
    DayPPMStageFour                          0x2000134b   Data          31  main.o(.bss)
    DayPPMStageFive                          0x2000136a   Data          31  main.o(.bss)
    TimeWaterthePlants                       0x20001389   Data         112  main.o(.bss)
    GraphPH                                  0x200013f9   Data        1000  main.o(.bss)
    GraphPPM                                 0x200017e1   Data        1000  main.o(.bss)
    GraphTank                                0x20001bc9   Data        1000  main.o(.bss)
    GraphTemp                                0x20001fb1   Data        1000  main.o(.bss)
    RefillDates                              0x20002399   Data          31  main.o(.bss)
    DataHMIREV                               0x200023b8   Data         100  main.o(.bss)
    DataHMI                                  0x2000241c   Data         100  main.o(.bss)
    xQueueRegistry                           0x20002480   Data          64  queue.o(.bss)
    __libspace_start                         0x20013db0   Data          96  libspace.o(.bss)
    __temporary_stack_top$libspace           0x20013e10   Data           0  libspace.o(.bss)



==============================================================================

Memory Map of the image

  Image Entry point : 0x08000349

  Load Region LR_1 (Base: 0x08000000, Size: 0x0000c6dc, Max: 0xffffffff, ABSOLUTE, COMPRESSED[0x0000c4e4])

    Execution Region ER_RO (Exec base: 0x08000000, Load base: 0x08000000, Size: 0x0000c498, Max: 0xffffffff, ABSOLUTE)

    Exec Addr    Load Addr    Size         Type   Attr      Idx    E Section Name        Object

    0x08000000   0x08000000   0x00000188   Data   RO          623    RESET               startup_stm32f40_41xxx.o
    0x08000188   0x08000188   0x00000008   Code   RO         4185  * !!!main             c_w.l(__main.o)
    0x08000190   0x08000190   0x00000034   Code   RO         4478    !!!scatter          c_w.l(__scatter.o)
    0x080001c4   0x080001c4   0x0000005a   Code   RO         4476    !!dczerorl2         c_w.l(__dczerorl2.o)
    0x0800021e   0x0800021e   0x00000002   PAD
    0x08000220   0x08000220   0x0000001c   Code   RO         4480    !!handler_zi        c_w.l(__scatter_zi.o)
    0x0800023c   0x0800023c   0x00000000   Code   RO         4176    .ARM.Collect$$_printf_percent$$00000000  c_w.l(_printf_percent.o)
    0x0800023c   0x0800023c   0x00000006   Code   RO         4175    .ARM.Collect$$_printf_percent$$00000003  c_w.l(_printf_f.o)
    0x08000242   0x08000242   0x00000006   Code   RO         4174    .ARM.Collect$$_printf_percent$$00000009  c_w.l(_printf_d.o)
    0x08000248   0x08000248   0x00000004   Code   RO         4242    .ARM.Collect$$_printf_percent$$00000017  c_w.l(_printf_percent_end.o)
    0x0800024c   0x0800024c   0x00000002   Code   RO         4349    .ARM.Collect$$libinit$$00000000  c_w.l(libinit.o)
    0x0800024e   0x0800024e   0x00000004   Code   RO         4350    .ARM.Collect$$libinit$$00000001  c_w.l(libinit2.o)
    0x08000252   0x08000252   0x00000000   Code   RO         4353    .ARM.Collect$$libinit$$00000004  c_w.l(libinit2.o)
    0x08000252   0x08000252   0x00000000   Code   RO         4356    .ARM.Collect$$libinit$$0000000A  c_w.l(libinit2.o)
    0x08000252   0x08000252   0x00000000   Code   RO         4358    .ARM.Collect$$libinit$$0000000C  c_w.l(libinit2.o)
    0x08000252   0x08000252   0x00000000   Code   RO         4360    .ARM.Collect$$libinit$$0000000E  c_w.l(libinit2.o)
    0x08000252   0x08000252   0x00000006   Code   RO         4361    .ARM.Collect$$libinit$$0000000F  c_w.l(libinit2.o)
    0x08000258   0x08000258   0x00000000   Code   RO         4363    .ARM.Collect$$libinit$$00000011  c_w.l(libinit2.o)
    0x08000258   0x08000258   0x00000000   Code   RO         4365    .ARM.Collect$$libinit$$00000013  c_w.l(libinit2.o)
    0x08000258   0x08000258   0x00000000   Code   RO         4367    .ARM.Collect$$libinit$$00000015  c_w.l(libinit2.o)
    0x08000258   0x08000258   0x0000000a   Code   RO         4368    .ARM.Collect$$libinit$$00000016  c_w.l(libinit2.o)
    0x08000262   0x08000262   0x00000000   Code   RO         4369    .ARM.Collect$$libinit$$00000017  c_w.l(libinit2.o)
    0x08000262   0x08000262   0x00000000   Code   RO         4371    .ARM.Collect$$libinit$$00000019  c_w.l(libinit2.o)
    0x08000262   0x08000262   0x00000000   Code   RO         4373    .ARM.Collect$$libinit$$0000001B  c_w.l(libinit2.o)
    0x08000262   0x08000262   0x00000000   Code   RO         4375    .ARM.Collect$$libinit$$0000001D  c_w.l(libinit2.o)
    0x08000262   0x08000262   0x00000000   Code   RO         4377    .ARM.Collect$$libinit$$0000001F  c_w.l(libinit2.o)
    0x08000262   0x08000262   0x00000000   Code   RO         4379    .ARM.Collect$$libinit$$00000021  c_w.l(libinit2.o)
    0x08000262   0x08000262   0x00000000   Code   RO         4381    .ARM.Collect$$libinit$$00000023  c_w.l(libinit2.o)
    0x08000262   0x08000262   0x00000000   Code   RO         4383    .ARM.Collect$$libinit$$00000025  c_w.l(libinit2.o)
    0x08000262   0x08000262   0x00000000   Code   RO         4387    .ARM.Collect$$libinit$$0000002C  c_w.l(libinit2.o)
    0x08000262   0x08000262   0x00000000   Code   RO         4389    .ARM.Collect$$libinit$$0000002E  c_w.l(libinit2.o)
    0x08000262   0x08000262   0x00000000   Code   RO         4391    .ARM.Collect$$libinit$$00000030  c_w.l(libinit2.o)
    0x08000262   0x08000262   0x00000000   Code   RO         4393    .ARM.Collect$$libinit$$00000032  c_w.l(libinit2.o)
    0x08000262   0x08000262   0x00000002   Code   RO         4394    .ARM.Collect$$libinit$$00000033  c_w.l(libinit2.o)
    0x08000264   0x08000264   0x00000002   Code   RO         4424    .ARM.Collect$$libshutdown$$00000000  c_w.l(libshutdown.o)
    0x08000266   0x08000266   0x00000000   Code   RO         4435    .ARM.Collect$$libshutdown$$00000002  c_w.l(libshutdown2.o)
    0x08000266   0x08000266   0x00000000   Code   RO         4437    .ARM.Collect$$libshutdown$$00000004  c_w.l(libshutdown2.o)
    0x08000266   0x08000266   0x00000000   Code   RO         4440    .ARM.Collect$$libshutdown$$00000007  c_w.l(libshutdown2.o)
    0x08000266   0x08000266   0x00000000   Code   RO         4443    .ARM.Collect$$libshutdown$$0000000A  c_w.l(libshutdown2.o)
    0x08000266   0x08000266   0x00000000   Code   RO         4445    .ARM.Collect$$libshutdown$$0000000C  c_w.l(libshutdown2.o)
    0x08000266   0x08000266   0x00000000   Code   RO         4448    .ARM.Collect$$libshutdown$$0000000F  c_w.l(libshutdown2.o)
    0x08000266   0x08000266   0x00000002   Code   RO         4449    .ARM.Collect$$libshutdown$$00000010  c_w.l(libshutdown2.o)
    0x08000268   0x08000268   0x00000000   Code   RO         4231    .ARM.Collect$$rtentry$$00000000  c_w.l(__rtentry.o)
    0x08000268   0x08000268   0x00000000   Code   RO         4275    .ARM.Collect$$rtentry$$00000002  c_w.l(__rtentry2.o)
    0x08000268   0x08000268   0x00000006   Code   RO         4287    .ARM.Collect$$rtentry$$00000004  c_w.l(__rtentry4.o)
    0x0800026e   0x0800026e   0x00000000   Code   RO         4277    .ARM.Collect$$rtentry$$00000009  c_w.l(__rtentry2.o)
    0x0800026e   0x0800026e   0x00000004   Code   RO         4278    .ARM.Collect$$rtentry$$0000000A  c_w.l(__rtentry2.o)
    0x08000272   0x08000272   0x00000000   Code   RO         4280    .ARM.Collect$$rtentry$$0000000C  c_w.l(__rtentry2.o)
    0x08000272   0x08000272   0x00000008   Code   RO         4281    .ARM.Collect$$rtentry$$0000000D  c_w.l(__rtentry2.o)
    0x0800027a   0x0800027a   0x00000002   Code   RO         4395    .ARM.Collect$$rtexit$$00000000  c_w.l(rtexit.o)
    0x0800027c   0x0800027c   0x00000000   Code   RO         4402    .ARM.Collect$$rtexit$$00000002  c_w.l(rtexit2.o)
    0x0800027c   0x0800027c   0x00000004   Code   RO         4403    .ARM.Collect$$rtexit$$00000003  c_w.l(rtexit2.o)
    0x08000280   0x08000280   0x00000006   Code   RO         4404    .ARM.Collect$$rtexit$$00000004  c_w.l(rtexit2.o)
    0x08000286   0x08000286   0x00000002   PAD
    0x08000288   0x08000288   0x000000be   Code   RO         3714    .emb_text           port.o
    0x08000346   0x08000346   0x00000002   PAD
    0x08000348   0x08000348   0x00000040   Code   RO          624  * .text               startup_stm32f40_41xxx.o
    0x08000388   0x08000388   0x00000028   Code   RO         4148    .text               c_w.l(noretval__2sprintf.o)
    0x080003b0   0x080003b0   0x00000078   Code   RO         4152    .text               c_w.l(_printf_dec.o)
    0x08000428   0x08000428   0x00000138   Code   RO         4166    .text               c_w.l(__printf_flags_wp.o)
    0x08000560   0x08000560   0x0000008a   Code   RO         4177    .text               c_w.l(rt_memcpy_v6.o)
    0x080005ea   0x080005ea   0x00000010   Code   RO         4179    .text               c_w.l(aeabi_memset.o)
    0x080005fa   0x080005fa   0x0000004e   Code   RO         4181    .text               c_w.l(rt_memclr_w.o)
    0x08000648   0x08000648   0x00000006   Code   RO         4183    .text               c_w.l(heapauxi.o)
    0x0800064e   0x0800064e   0x00000016   Code   RO         4232    .text               c_w.l(_rserrno.o)
    0x08000664   0x08000664   0x000000b2   Code   RO         4234    .text               c_w.l(_printf_intcommon.o)
    0x08000716   0x08000716   0x0000041e   Code   RO         4236    .text               c_w.l(_printf_fp_dec.o)
    0x08000b34   0x08000b34   0x00000030   Code   RO         4238    .text               c_w.l(_printf_char_common.o)
    0x08000b64   0x08000b64   0x0000000a   Code   RO         4240    .text               c_w.l(_sputc.o)
    0x08000b6e   0x08000b6e   0x00000064   Code   RO         4243    .text               c_w.l(rt_memcpy_w.o)
    0x08000bd2   0x08000bd2   0x00000044   Code   RO         4245    .text               c_w.l(rt_memclr.o)
    0x08000c16   0x08000c16   0x00000002   PAD
    0x08000c18   0x08000c18   0x00000008   Code   RO         4292    .text               c_w.l(rt_locale_intlibspace.o)
    0x08000c20   0x08000c20   0x00000008   Code   RO         4297    .text               c_w.l(rt_errno_addr_intlibspace.o)
    0x08000c28   0x08000c28   0x0000008a   Code   RO         4299    .text               c_w.l(lludiv10.o)
    0x08000cb2   0x08000cb2   0x00000002   PAD
    0x08000cb4   0x08000cb4   0x00000080   Code   RO         4301    .text               c_w.l(_printf_fp_infnan.o)
    0x08000d34   0x08000d34   0x000000e4   Code   RO         4305    .text               c_w.l(bigflt0.o)
    0x08000e18   0x08000e18   0x00000008   Code   RO         4335    .text               c_w.l(libspace.o)
    0x08000e20   0x08000e20   0x0000004a   Code   RO         4338    .text               c_w.l(sys_stackheap_outer.o)
    0x08000e6a   0x08000e6a   0x00000012   Code   RO         4340    .text               c_w.l(exit.o)
    0x08000e7c   0x08000e7c   0x00000080   Code   RO         4342    .text               c_w.l(strcmpv7m.o)
    0x08000efc   0x08000efc   0x0000000c   Code   RO         4414    .text               c_w.l(sys_exit.o)
    0x08000f08   0x08000f08   0x00000002   Code   RO         4425    .text               c_w.l(use_no_semi.o)
    0x08000f0a   0x08000f0a   0x00000000   Code   RO         4427    .text               c_w.l(indicate_semi.o)
    0x08000f0a   0x08000f0a   0x0000003e   Code   RO         4308    CL$$btod_d2e        c_w.l(btod.o)
    0x08000f48   0x08000f48   0x00000046   Code   RO         4310    CL$$btod_d2e_denorm_low  c_w.l(btod.o)
    0x08000f8e   0x08000f8e   0x00000060   Code   RO         4309    CL$$btod_d2e_norm_op1  c_w.l(btod.o)
    0x08000fee   0x08000fee   0x00000338   Code   RO         4318    CL$$btod_div_common  c_w.l(btod.o)
    0x08001326   0x08001326   0x000000dc   Code   RO         4315    CL$$btod_e2e        c_w.l(btod.o)
    0x08001402   0x08001402   0x0000002a   Code   RO         4312    CL$$btod_ediv       c_w.l(btod.o)
    0x0800142c   0x0800142c   0x0000002a   Code   RO         4311    CL$$btod_emul       c_w.l(btod.o)
    0x08001456   0x08001456   0x00000244   Code   RO         4317    CL$$btod_mult_common  c_w.l(btod.o)
    0x0800169a   0x0800169a   0x00000002   PAD
    0x0800169c   0x0800169c   0x00000138   Code   RO            4    i.ADC1_Config       main.o
    0x080017d4   0x080017d4   0x00000080   Code   RO          852    i.ADC_Cmd           stm32f4xx_adc.o
    0x08001854   0x08001854   0x0000018c   Code   RO          853    i.ADC_CommonInit    stm32f4xx_adc.o
    0x080019e0   0x080019e0   0x00000014   Code   RO            5    i.ADC_Config        main.o
    0x080019f4   0x080019f4   0x00000080   Code   RO          856    i.ADC_DMACmd        stm32f4xx_adc.o
    0x08001a74   0x08001a74   0x00000080   Code   RO          857    i.ADC_DMARequestAfterLastTransferCmd  stm32f4xx_adc.o
    0x08001af4   0x08001af4   0x000001d0   Code   RO          872    i.ADC_Init          stm32f4xx_adc.o
    0x08001cc4   0x08001cc4   0x000001cc   Code   RO          877    i.ADC_RegularChannelConfig  stm32f4xx_adc.o
    0x08001e90   0x08001e90   0x00000060   Code   RO          879    i.ADC_SoftwareStartConv  stm32f4xx_adc.o
    0x08001ef0   0x08001ef0   0x00000004   Code   RO          683    i.BusFault_Handler  stm32f4xx_it.o
    0x08001ef4   0x08001ef4   0x000000f4   Code   RO         1792    i.DMA_Cmd           stm32f4xx_dma.o
    0x08001fe8   0x08001fe8   0x000002d4   Code   RO         1804    i.DMA_Init          stm32f4xx_dma.o
    0x080022bc   0x080022bc   0x00000002   Code   RO          684    i.DebugMon_Handler  stm32f4xx_it.o
    0x080022be   0x080022be   0x00000002   PAD
    0x080022c0   0x080022c0   0x00000044   Code   RO            8    i.EXTI1_IRQHandler  main.o
    0x08002304   0x08002304   0x0000004c   Code   RO         2765    i.EXTI_ClearITPendingBit  stm32f4xx_exti.o
    0x08002350   0x08002350   0x0000000e   Code   RO            9    i.EXTI_Config       main.o
    0x0800235e   0x0800235e   0x00000002   PAD
    0x08002360   0x08002360   0x00000050   Code   RO         2767    i.EXTI_GenerateSWInterrupt  stm32f4xx_exti.o
    0x080023b0   0x080023b0   0x000000d0   Code   RO         2769    i.EXTI_GetITStatus  stm32f4xx_exti.o
    0x08002480   0x08002480   0x00000118   Code   RO         2770    i.EXTI_Init         stm32f4xx_exti.o
    0x08002598   0x08002598   0x0000004e   Code   RO           10    i.EXTI_Line1_Config  main.o
    0x080025e6   0x080025e6   0x00000002   PAD
    0x080025e8   0x080025e8   0x00000014   Code   RO           11    i.EndData           main.o
    0x080025fc   0x080025fc   0x000000ec   Code   RO           12    i.GPIO_Configuration  main.o
    0x080026e8   0x080026e8   0x000001b4   Code   RO          741    i.GPIO_Init         stm32f4xx_gpio.o
    0x0800289c   0x0800289c   0x000001b4   Code   RO          742    i.GPIO_PinAFConfig  stm32f4xx_gpio.o
    0x08002a50   0x08002a50   0x00000118   Code   RO          745    i.GPIO_ReadInputDataBit  stm32f4xx_gpio.o
    0x08002b68   0x08002b68   0x00000124   Code   RO          753    i.GPIO_WriteBit     stm32f4xx_gpio.o
    0x08002c8c   0x08002c8c   0x00000004   Code   RO          685    i.HardFault_Handler  stm32f4xx_it.o
    0x08002c90   0x08002c90   0x00000090   Code   RO           13    i.I2C2_Config       main.o
    0x08002d20   0x08002d20   0x00000144   Code   RO         1974    i.I2C_CheckEvent    stm32f4xx_i2c.o
    0x08002e64   0x08002e64   0x00000090   Code   RO         1977    i.I2C_Cmd           stm32f4xx_i2c.o
    0x08002ef4   0x08002ef4   0x00000008   Code   RO           14    i.I2C_Config        main.o
    0x08002efc   0x08002efc   0x00000090   Code   RO         1985    i.I2C_GenerateSTART  stm32f4xx_i2c.o
    0x08002f8c   0x08002f8c   0x00000090   Code   RO         1986    i.I2C_GenerateSTOP  stm32f4xx_i2c.o
    0x0800301c   0x0800301c   0x00000148   Code   RO         1987    i.I2C_GetFlagStatus  stm32f4xx_i2c.o
    0x08003164   0x08003164   0x000001d4   Code   RO         1992    i.I2C_Init          stm32f4xx_i2c.o
    0x08003338   0x08003338   0x00000088   Code   RO         1999    i.I2C_Send7bitAddress  stm32f4xx_i2c.o
    0x080033c0   0x080033c0   0x00000068   Code   RO         2000    i.I2C_SendData      stm32f4xx_i2c.o
    0x08003428   0x08003428   0x0000006c   Code   RO         3851    i.I2C_start         rtc_i2c.o
    0x08003494   0x08003494   0x00000010   Code   RO         3852    i.I2C_stop          rtc_i2c.o
    0x080034a4   0x080034a4   0x00000024   Code   RO         3853    i.I2C_write         rtc_i2c.o
    0x080034c8   0x080034c8   0x00000004   Code   RO          686    i.MemManage_Handler  stm32f4xx_it.o
    0x080034cc   0x080034cc   0x00000002   Code   RO          687    i.NMI_Handler       stm32f4xx_it.o
    0x080034ce   0x080034ce   0x00000002   PAD
    0x080034d0   0x080034d0   0x000000d8   Code   RO         1922    i.NVIC_Init         misc.o
    0x080035a8   0x080035a8   0x00000068   Code   RO         1923    i.NVIC_PriorityGroupConfig  misc.o
    0x08003610   0x08003610   0x00000078   Code   RO         1092    i.RCC_AHB1PeriphClockCmd  stm32f4xx_rcc.o
    0x08003688   0x08003688   0x00000074   Code   RO         1101    i.RCC_APB1PeriphClockCmd  stm32f4xx_rcc.o
    0x080036fc   0x080036fc   0x00000078   Code   RO         1104    i.RCC_APB2PeriphClockCmd  stm32f4xx_rcc.o
    0x08003774   0x08003774   0x000000e8   Code   RO         1113    i.RCC_GetClocksFreq  stm32f4xx_rcc.o
    0x0800385c   0x0800385c   0x000000e8   Code   RO         2833    i.SYSCFG_EXTILineConfig  stm32f4xx_syscfg.o
    0x08003944   0x08003944   0x000000ec   Code   RO          631    i.SetSysClock       system_stm32f4xx.o
    0x08003a30   0x08003a30   0x00000034   Code   RO         3715    i.SysTick_Handler   port.o
    0x08003a64   0x08003a64   0x00000068   Code   RO          633    i.SystemInit        system_stm32f4xx.o
    0x08003acc   0x08003acc   0x0000003a   Code   RO           19    i.TIM2_Config       main.o
    0x08003b06   0x08003b06   0x00000002   PAD
    0x08003b08   0x08003b08   0x0000003c   Code   RO           20    i.TIM3_Config       main.o
    0x08003b44   0x08003b44   0x00000040   Code   RO           22    i.TIM5_Config       main.o
    0x08003b84   0x08003b84   0x000000f8   Code   RO         2214    i.TIM_Cmd           stm32f4xx_tim.o
    0x08003c7c   0x08003c7c   0x00000010   Code   RO           23    i.TIM_Config        main.o
    0x08003c8c   0x08003c8c   0x000000d0   Code   RO         2233    i.TIM_GetCounter    stm32f4xx_tim.o
    0x08003d5c   0x08003d5c   0x000000d4   Code   RO         2280    i.TIM_SetCounter    stm32f4xx_tim.o
    0x08003e30   0x08003e30   0x00000180   Code   RO         2286    i.TIM_TimeBaseInit  stm32f4xx_tim.o
    0x08003fb0   0x08003fb0   0x0000009c   Code   RO           24    i.USART1_Config     main.o
    0x0800404c   0x0800404c   0x000000c4   Code   RO           25    i.USART2_Config     main.o
    0x08004110   0x08004110   0x0000005c   Code   RO           26    i.USART2_IRQHandler  main.o
    0x0800416c   0x0800416c   0x000000d0   Code   RO           27    i.USART3_Config     main.o
    0x0800423c   0x0800423c   0x000000b0   Code   RO           28    i.USART3_IRQHandler  main.o
    0x080042ec   0x080042ec   0x0000002c   Code   RO           29    i.USART3_puts       main.o
    0x08004318   0x08004318   0x000000e8   Code   RO         1430    i.USART_ClearFlag   stm32f4xx_usart.o
    0x08004400   0x08004400   0x000000c8   Code   RO         1434    i.USART_Cmd         stm32f4xx_usart.o
    0x080044c8   0x080044c8   0x00000010   Code   RO           30    i.USART_Config      main.o
    0x080044d8   0x080044d8   0x00000180   Code   RO         1438    i.USART_GetITStatus  stm32f4xx_usart.o
    0x08004658   0x08004658   0x0000016c   Code   RO         1440    i.USART_ITConfig    stm32f4xx_usart.o
    0x080047c4   0x080047c4   0x00000244   Code   RO         1441    i.USART_Init        stm32f4xx_usart.o
    0x08004a08   0x08004a08   0x000000c8   Code   RO         1447    i.USART_OverSampling8Cmd  stm32f4xx_usart.o
    0x08004ad0   0x08004ad0   0x000000a4   Code   RO         1448    i.USART_ReceiveData  stm32f4xx_usart.o
    0x08004b74   0x08004b74   0x000000b8   Code   RO         1451    i.USART_SendData    stm32f4xx_usart.o
    0x08004c2c   0x08004c2c   0x00000004   Code   RO          688    i.UsageFault_Handler  stm32f4xx_it.o
    0x08004c30   0x08004c30   0x00000030   Code   RO         4333    i.__ARM_fpclassify  m_wm.l(fpclassify.o)
    0x08004c60   0x08004c60   0x00000026   Code   RO         4258    i.__ARM_fpclassifyf  m_wm.l(fpclassifyf.o)
    0x08004c86   0x08004c86   0x00000002   PAD
    0x08004c88   0x08004c88   0x00000664   Code   RO         4217    i.__hardfp_powf     m_wm.l(powf.o)
    0x080052ec   0x080052ec   0x00000014   Code   RO         4260    i.__mathlib_flt_divzero  m_wm.l(funder.o)
    0x08005300   0x08005300   0x00000006   Code   RO         4262    i.__mathlib_flt_infnan2  m_wm.l(funder.o)
    0x08005306   0x08005306   0x00000002   PAD
    0x08005308   0x08005308   0x00000010   Code   RO         4263    i.__mathlib_flt_invalid  m_wm.l(funder.o)
    0x08005318   0x08005318   0x00000010   Code   RO         4264    i.__mathlib_flt_overflow  m_wm.l(funder.o)
    0x08005328   0x08005328   0x00000010   Code   RO         4266    i.__mathlib_flt_underflow  m_wm.l(funder.o)
    0x08005338   0x08005338   0x0000000e   Code   RO         4164    i._is_digit         c_w.l(__printf_wp.o)
    0x08005346   0x08005346   0x00000004   Code   RO           33    i.assert_failed     main.o
    0x0800534a   0x0800534a   0x00000106   Code   RO         3933    i.ds1307_set_rtc_datetime  rtc_ds1307.o
    0x08005450   0x08005450   0x00000058   Code   RO         4068    i.ds18b20_init_seq  ds18b20_mflib.o
    0x080054a8   0x080054a8   0x00000044   Code   RO         4069    i.ds18b20_read_bit  ds18b20_mflib.o
    0x080054ec   0x080054ec   0x0000001e   Code   RO         4070    i.ds18b20_read_byte  ds18b20_mflib.o
    0x0800550a   0x0800550a   0x00000002   PAD
    0x0800550c   0x0800550c   0x00000064   Code   RO         4072    i.ds18b20_read_temp  ds18b20_mflib.o
    0x08005570   0x08005570   0x00000024   Code   RO         4073    i.ds18b20_send_function_cmd  ds18b20_mflib.o
    0x08005594   0x08005594   0x0000000c   Code   RO         4074    i.ds18b20_send_rom_cmd  ds18b20_mflib.o
    0x080055a0   0x080055a0   0x0000006c   Code   RO         4075    i.ds18b20_write_byte  ds18b20_mflib.o
    0x0800560c   0x0800560c   0x000003bc   Code   RO           38    i.handleHMI         main.o
    0x080059c8   0x080059c8   0x00000330   Code   RO           40    i.handleUARTRX      main.o
    0x08005cf8   0x08005cf8   0x00000580   Code   RO           42    i.main              main.o
    0x08006278   0x08006278   0x0000001e   Code   RO           44    i.mydelayus         main.o
    0x08006296   0x08006296   0x0000002e   Code   RO           45    i.mystrlength       main.o
    0x080062c4   0x080062c4   0x000000dc   Code   RO           46    i.pageCalPPM        main.o
    0x080063a0   0x080063a0   0x000000dc   Code   RO           47    i.pageCalSonic      main.o
    0x0800647c   0x0800647c   0x000000f4   Code   RO           48    i.pageCalTemp       main.o
    0x08006570   0x08006570   0x000000f4   Code   RO           49    i.pageCalpH         main.o
    0x08006664   0x08006664   0x000000b8   Code   RO           50    i.pageFeritilizer   main.o
    0x0800671c   0x0800671c   0x00000010   Code   RO           51    i.pageFlow          main.o
    0x0800672c   0x0800672c   0x00000240   Code   RO           52    i.pageGraph         main.o
    0x0800696c   0x0800696c   0x0000074c   Code   RO           53    i.pageHome          main.o
    0x080070b8   0x080070b8   0x00000104   Code   RO           54    i.pagePPM           main.o
    0x080071bc   0x080071bc   0x00000368   Code   RO           55    i.pagePPM2          main.o
    0x08007524   0x08007524   0x000003cc   Code   RO           56    i.pagePeristaltic   main.o
    0x080078f0   0x080078f0   0x00000010   Code   RO           57    i.pageProfile       main.o
    0x08007900   0x08007900   0x00000174   Code   RO           58    i.pagePump          main.o
    0x08007a74   0x08007a74   0x000000a0   Code   RO           59    i.pagePump2         main.o
    0x08007b14   0x08007b14   0x000000b0   Code   RO           60    i.pagePump3         main.o
    0x08007bc4   0x08007bc4   0x00000148   Code   RO           61    i.pagePump4         main.o
    0x08007d0c   0x08007d0c   0x00000010   Code   RO           62    i.pagePump5         main.o
    0x08007d1c   0x08007d1c   0x00000058   Code   RO           63    i.pageRefilldate    main.o
    0x08007d74   0x08007d74   0x00000154   Code   RO           64    i.pageSetting       main.o
    0x08007ec8   0x08007ec8   0x00000080   Code   RO           65    i.pageSettingDate   main.o
    0x08007f48   0x08007f48   0x00000104   Code   RO           66    i.pageTank          main.o
    0x0800804c   0x0800804c   0x00000010   Code   RO           67    i.pageTank2         main.o
    0x0800805c   0x0800805c   0x0000051c   Code   RO           68    i.pageValve         main.o
    0x08008578   0x08008578   0x0000051c   Code   RO           69    i.pageValve2        main.o
    0x08008a94   0x08008a94   0x000004d4   Code   RO           70    i.pageWarning       main.o
    0x08008f68   0x08008f68   0x00000088   Code   RO           71    i.pageWifi          main.o
    0x08008ff0   0x08008ff0   0x00000170   Code   RO           72    i.pagepH            main.o
    0x08009160   0x08009160   0x00000098   Code   RO         3187    i.prvAddCurrentTaskToDelayedList  tasks.o
    0x080091f8   0x080091f8   0x000000bc   Code   RO         3188    i.prvAddNewTaskToReadyList  tasks.o
    0x080092b4   0x080092b4   0x00000064   Code   RO         3557    i.prvCheckForValidListAndQueue  timers.o
    0x08009318   0x08009318   0x00000048   Code   RO         3189    i.prvCheckTasksWaitingTermination  tasks.o
    0x08009360   0x08009360   0x0000002a   Code   RO         2957    i.prvCopyDataFromQueue  queue.o
    0x0800938a   0x0800938a   0x0000007e   Code   RO         2958    i.prvCopyDataToQueue  queue.o
    0x08009408   0x08009408   0x00000012   Code   RO         3190    i.prvDeleteTCB      tasks.o
    0x0800941a   0x0800941a   0x00000014   Code   RO         2959    i.prvGetDisinheritPriorityAfterTimeout  queue.o
    0x0800942e   0x0800942e   0x00000002   PAD
    0x08009430   0x08009430   0x00000028   Code   RO         3558    i.prvGetNextExpireTime  timers.o
    0x08009458   0x08009458   0x0000007c   Code   RO         3791    i.prvHeapInit       heap_4.o
    0x080094d4   0x080094d4   0x0000002c   Code   RO         3191    i.prvIdleTask       tasks.o
    0x08009500   0x08009500   0x0000002a   Code   RO         2961    i.prvInitialiseNewQueue  queue.o
    0x0800952a   0x0800952a   0x000000c4   Code   RO         3192    i.prvInitialiseNewTask  tasks.o
    0x080095ee   0x080095ee   0x00000002   PAD
    0x080095f0   0x080095f0   0x00000068   Code   RO         3193    i.prvInitialiseTaskLists  tasks.o
    0x08009658   0x08009658   0x00000068   Code   RO         3792    i.prvInsertBlockIntoFreeList  heap_4.o
    0x080096c0   0x080096c0   0x00000058   Code   RO         3560    i.prvInsertTimerInActiveList  timers.o
    0x08009718   0x08009718   0x0000001a   Code   RO         2962    i.prvIsQueueEmpty   queue.o
    0x08009732   0x08009732   0x0000001e   Code   RO         2963    i.prvIsQueueFull    queue.o
    0x08009750   0x08009750   0x00000074   Code   RO         3561    i.prvProcessExpiredTimer  timers.o
    0x080097c4   0x080097c4   0x00000138   Code   RO         3562    i.prvProcessReceivedCommands  timers.o
    0x080098fc   0x080098fc   0x00000074   Code   RO         3563    i.prvProcessTimerOrBlockTask  timers.o
    0x08009970   0x08009970   0x00000034   Code   RO         3195    i.prvResetNextTaskUnblockTime  tasks.o
    0x080099a4   0x080099a4   0x0000002c   Code   RO         3564    i.prvSampleTimeNow  timers.o
    0x080099d0   0x080099d0   0x000000a4   Code   RO         3565    i.prvSwitchTimerLists  timers.o
    0x08009a74   0x08009a74   0x00000040   Code   RO         3716    i.prvTaskExitError  port.o
    0x08009ab4   0x08009ab4   0x00000058   Code   RO         3197    i.prvTaskIsTaskSuspended  tasks.o
    0x08009b0c   0x08009b0c   0x0000001a   Code   RO         3566    i.prvTimerTask      timers.o
    0x08009b26   0x08009b26   0x0000007e   Code   RO         2964    i.prvUnlockQueue    queue.o
    0x08009ba4   0x08009ba4   0x0000014c   Code   RO         3793    i.pvPortMalloc      heap_4.o
    0x08009cf0   0x08009cf0   0x00000020   Code   RO         3198    i.pvTaskIncrementMutexHeldCount  tasks.o
    0x08009d10   0x08009d10   0x0000002c   Code   RO         3717    i.pxPortInitialiseStack  port.o
    0x08009d3c   0x08009d3c   0x000003e8   Code   RO           74    i.readSensor        main.o
    0x0800a124   0x0800a124   0x00000028   Code   RO         2908    i.uxListRemove      list.o
    0x0800a14c   0x0800a14c   0x00000002   Code   RO         3207    i.vApplicationIdleHook  tasks.o
    0x0800a14e   0x0800a14e   0x0000001a   Code   RO         2909    i.vListInitialise   list.o
    0x0800a168   0x0800a168   0x00000006   Code   RO         2910    i.vListInitialiseItem  list.o
    0x0800a16e   0x0800a16e   0x00000034   Code   RO         2911    i.vListInsert       list.o
    0x0800a1a2   0x0800a1a2   0x00000018   Code   RO         2912    i.vListInsertEnd    list.o
    0x0800a1ba   0x0800a1ba   0x00000002   PAD
    0x0800a1bc   0x0800a1bc   0x00000054   Code   RO         3719    i.vPortEnterCritical  port.o
    0x0800a210   0x0800a210   0x0000003c   Code   RO         3720    i.vPortExitCritical  port.o
    0x0800a24c   0x0800a24c   0x000000a4   Code   RO         3794    i.vPortFree         heap_4.o
    0x0800a2f0   0x0800a2f0   0x00000028   Code   RO         3721    i.vPortSetupTimerInterrupt  port.o
    0x0800a318   0x0800a318   0x00000078   Code   RO         3722    i.vPortValidateInterruptPriority  port.o
    0x0800a390   0x0800a390   0x0000002c   Code   RO         2970    i.vQueueAddToRegistry  queue.o
    0x0800a3bc   0x0800a3bc   0x0000004a   Code   RO         2974    i.vQueueWaitForMessageRestricted  queue.o
    0x0800a406   0x0800a406   0x00000002   PAD
    0x0800a408   0x0800a408   0x0000005c   Code   RO         3208    i.vTaskDelay        tasks.o
    0x0800a464   0x0800a464   0x000000f4   Code   RO         3210    i.vTaskDelete       tasks.o
    0x0800a558   0x0800a558   0x00000018   Code   RO         3213    i.vTaskInternalSetTimeOutState  tasks.o
    0x0800a570   0x0800a570   0x0000000c   Code   RO         3214    i.vTaskMissedYield  tasks.o
    0x0800a57c   0x0800a57c   0x00000038   Code   RO         3216    i.vTaskPlaceOnEventList  tasks.o
    0x0800a5b4   0x0800a5b4   0x00000040   Code   RO         3217    i.vTaskPlaceOnEventListRestricted  tasks.o
    0x0800a5f4   0x0800a5f4   0x000000ec   Code   RO         3219    i.vTaskPriorityDisinheritAfterTimeout  tasks.o
    0x0800a6e0   0x0800a6e0   0x00000090   Code   RO         3222    i.vTaskResume       tasks.o
    0x0800a770   0x0800a770   0x00000094   Code   RO         3225    i.vTaskStartScheduler  tasks.o
    0x0800a804   0x0800a804   0x000000f4   Code   RO         3226    i.vTaskSuspend      tasks.o
    0x0800a8f8   0x0800a8f8   0x00000010   Code   RO         3227    i.vTaskSuspendAll   tasks.o
    0x0800a908   0x0800a908   0x0000008c   Code   RO         3228    i.vTaskSwitchContext  tasks.o
    0x0800a994   0x0800a994   0x00000168   Code   RO         3723    i.xPortStartScheduler  port.o
    0x0800aafc   0x0800aafc   0x00000054   Code   RO         2977    i.xQueueGenericCreate  queue.o
    0x0800ab50   0x0800ab50   0x00000098   Code   RO         2978    i.xQueueGenericReset  queue.o
    0x0800abe8   0x0800abe8   0x000001a8   Code   RO         2979    i.xQueueGenericSend  queue.o
    0x0800ad90   0x0800ad90   0x000000fc   Code   RO         2980    i.xQueueGenericSendFromISR  queue.o
    0x0800ae8c   0x0800ae8c   0x000000e0   Code   RO         2981    i.xQueueGiveFromISR  queue.o
    0x0800af6c   0x0800af6c   0x00000168   Code   RO         2987    i.xQueueReceive     queue.o
    0x0800b0d4   0x0800b0d4   0x000001b8   Code   RO         2989    i.xQueueSemaphoreTake  queue.o
    0x0800b28c   0x0800b28c   0x0000008c   Code   RO         3230    i.xTaskCheckForTimeOut  tasks.o
    0x0800b318   0x0800b318   0x00000060   Code   RO         3231    i.xTaskCreate       tasks.o
    0x0800b378   0x0800b378   0x00000020   Code   RO         3235    i.xTaskGetSchedulerState  tasks.o
    0x0800b398   0x0800b398   0x0000000c   Code   RO         3236    i.xTaskGetTickCount  tasks.o
    0x0800b3a4   0x0800b3a4   0x00000148   Code   RO         3238    i.xTaskIncrementTick  tasks.o
    0x0800b4ec   0x0800b4ec   0x000000d4   Code   RO         3241    i.xTaskPriorityDisinherit  tasks.o
    0x0800b5c0   0x0800b5c0   0x000000bc   Code   RO         3242    i.xTaskPriorityInherit  tasks.o
    0x0800b67c   0x0800b67c   0x00000098   Code   RO         3243    i.xTaskRemoveFromEventList  tasks.o
    0x0800b714   0x0800b714   0x00000104   Code   RO         3244    i.xTaskResumeAll    tasks.o
    0x0800b818   0x0800b818   0x00000058   Code   RO         3574    i.xTimerCreateTimerTask  timers.o
    0x0800b870   0x0800b870   0x00000084   Code   RO         3575    i.xTimerGenericCommand  timers.o
    0x0800b8f4   0x0800b8f4   0x0000002c   Code   RO         4331    locale$$code        c_w.l(lc_numeric_c.o)
    0x0800b920   0x0800b920   0x00000062   Code   RO         4187    x$fpl$d2f           fz_wm.l(d2f.o)
    0x0800b982   0x0800b982   0x00000002   PAD
    0x0800b984   0x0800b984   0x00000150   Code   RO         4189    x$fpl$dadd          fz_wm.l(daddsub_clz.o)
    0x0800bad4   0x0800bad4   0x000002b0   Code   RO         4196    x$fpl$ddiv          fz_wm.l(ddiv.o)
    0x0800bd84   0x0800bd84   0x00000026   Code   RO         4199    x$fpl$dfltu         fz_wm.l(dflt_clz.o)
    0x0800bdaa   0x0800bdaa   0x00000002   PAD
    0x0800bdac   0x0800bdac   0x00000154   Code   RO         4205    x$fpl$dmul          fz_wm.l(dmul.o)
    0x0800bf00   0x0800bf00   0x0000009c   Code   RO         4247    x$fpl$dnaninf       fz_wm.l(dnaninf.o)
    0x0800bf9c   0x0800bf9c   0x0000000c   Code   RO         4249    x$fpl$dretinf       fz_wm.l(dretinf.o)
    0x0800bfa8   0x0800bfa8   0x000001d4   Code   RO         4191    x$fpl$dsub          fz_wm.l(daddsub_clz.o)
    0x0800c17c   0x0800c17c   0x00000056   Code   RO         4207    x$fpl$f2d           fz_wm.l(f2d.o)
    0x0800c1d2   0x0800c1d2   0x0000008c   Code   RO         4251    x$fpl$fnaninf       fz_wm.l(fnaninf.o)
    0x0800c25e   0x0800c25e   0x0000000a   Code   RO         4399    x$fpl$fpinit        fz_wm.l(fpinit.o)
    0x0800c268   0x0800c268   0x0000000a   Code   RO         4253    x$fpl$fretinf       fz_wm.l(fretinf.o)
    0x0800c272   0x0800c272   0x00000004   Code   RO         4209    x$fpl$printf1       fz_wm.l(printf1.o)
    0x0800c276   0x0800c276   0x00000000   Code   RO         4257    x$fpl$usenofp       fz_wm.l(usenofp.o)
    0x0800c276   0x0800c276   0x00000011   Data   RO         4167    .constdata          c_w.l(__printf_flags_wp.o)
    0x0800c287   0x0800c287   0x00000001   PAD
    0x0800c288   0x0800c288   0x00000140   Data   RO         4220    .constdata          m_wm.l(powf.o)
    0x0800c3c8   0x0800c3c8   0x00000094   Data   RO         4306    .constdata          c_w.l(bigflt0.o)
    0x0800c45c   0x0800c45c   0x00000020   Data   RO         4474    Region$$Table       anon$$obj.o
    0x0800c47c   0x0800c47c   0x0000001c   Data   RO         4330    locale$$data        c_w.l(lc_numeric_c.o)


    Execution Region ER_RW (Exec base: 0x20000000, Load base: 0x0800c498, Size: 0x00000244, Max: 0xffffffff, ABSOLUTE, COMPRESSED[0x0000004c])

    Exec Addr    Load Addr    Size         Type   Attr      Idx    E Section Name        Object

    0x20000000   COMPRESSED   0x000001a4   Data   RW           84    .data               main.o
    0x200001a4   COMPRESSED   0x00000014   Data   RW          634    .data               system_stm32f4xx.o
    0x200001b8   COMPRESSED   0x00000010   Data   RW         1145    .data               stm32f4xx_rcc.o
    0x200001c8   COMPRESSED   0x0000003c   Data   RW         3247    .data               tasks.o
    0x20000204   COMPRESSED   0x00000014   Data   RW         3581    .data               timers.o
    0x20000218   COMPRESSED   0x0000000c   Data   RW         3724    .data               port.o
    0x20000224   COMPRESSED   0x00000020   Data   RW         3800    .data               heap_4.o


    Execution Region ER_ZI (Exec base: 0x20000244, Load base: 0x0800c4e4, Size: 0x000141cc, Max: 0xffffffff, ABSOLUTE)

    Exec Addr    Load Addr    Size         Type   Attr      Idx    E Section Name        Object

    0x20000244        -       0x0000223c   Zero   RW           82    .bss                main.o
    0x20002480        -       0x00000040   Zero   RW         2991    .bss                queue.o
    0x200024c0        -       0x000000c8   Zero   RW         3246    .bss                tasks.o
    0x20002588        -       0x00000028   Zero   RW         3580    .bss                timers.o
    0x200025b0        -       0x00011800   Zero   RW         3799    .bss                heap_4.o
    0x20013db0        -       0x00000060   Zero   RW         4336    .bss                c_w.l(libspace.o)
    0x20013e10        -       0x00000200   Zero   RW          622    HEAP                startup_stm32f40_41xxx.o
    0x20014010        -       0x00000400   Zero   RW          621    STACK               startup_stm32f40_41xxx.o


==============================================================================

Image component sizes


      Code (inc. data)   RO Data    RW Data    ZI Data      Debug   Object Name

       442         26          0          0          0       4430   ds18b20_mflib.o
       724         74          0         32      71680       4643   heap_4.o
       148          0          0          0          0       5702   list.o
     18178       4804          0        420       8764     391416   main.o
       320        102          0          0          0       1931   misc.o
      1014         92          0         12          0      11857   port.o
      2466         26          0          0         64      27740   queue.o
       262          0          0          0          0       1418   rtc_ds1307.o
       160         26          0          0          0       1687   rtc_i2c.o
        64         26        392          0       1536        856   startup_stm32f40_41xxx.o
      1800        376          0          0          0       6703   stm32f4xx_adc.o
       968        128          0          0          0       3089   stm32f4xx_dma.o
       644        180          0          0          0       3227   stm32f4xx_exti.o
      1444        340          0          0          0       4047   stm32f4xx_gpio.o
      1792        592          0          0          0       6850   stm32f4xx_i2c.o
        20          0          0          0          0       2861   stm32f4xx_it.o
       588        164          0         16          0       5227   stm32f4xx_rcc.o
       232         44          0          0          0        808   stm32f4xx_syscfg.o
      1052        420          0          0          0       3763   stm32f4xx_tim.o
      2308        648          0          0          0       7374   stm32f4xx_usart.o
       340         32          0         20          0       1965   system_stm32f4xx.o
      3788        484          0         60        200      30405   tasks.o
      1226        116          0         20         40      20431   timers.o

    ----------------------------------------------------------------------
     40002       8700        424        580      82284     548430   Object Totals
         0          0         32          0          0          0   (incl. Generated)
        22          0          0          0          0          0   (incl. Padding)

    ----------------------------------------------------------------------

      Code (inc. data)   RO Data    RW Data    ZI Data      Debug   Library Member Name

        90          0          0          0          0          0   __dczerorl2.o
         8          0          0          0          0         68   __main.o
       312          4         17          0          0         92   __printf_flags_wp.o
        14          0          0          0          0         68   __printf_wp.o
         0          0          0          0          0          0   __rtentry.o
        12          0          0          0          0          0   __rtentry2.o
         6          0          0          0          0          0   __rtentry4.o
        52          8          0          0          0          0   __scatter.o
        28          0          0          0          0          0   __scatter_zi.o
        48          6          0          0          0         96   _printf_char_common.o
         6          0          0          0          0          0   _printf_d.o
       120         16          0          0          0         92   _printf_dec.o
         6          0          0          0          0          0   _printf_f.o
      1054          0          0          0          0        216   _printf_fp_dec.o
       128         16          0          0          0         84   _printf_fp_infnan.o
       178          0          0          0          0         88   _printf_intcommon.o
         0          0          0          0          0          0   _printf_percent.o
         4          0          0          0          0          0   _printf_percent_end.o
        22          0          0          0          0        100   _rserrno.o
        10          0          0          0          0         68   _sputc.o
        16          0          0          0          0         68   aeabi_memset.o
       228          4        148          0          0         96   bigflt0.o
      1936        128          0          0          0        672   btod.o
        18          0          0          0          0         80   exit.o
         6          0          0          0          0        152   heapauxi.o
         0          0          0          0          0          0   indicate_semi.o
        44         10         28          0          0         76   lc_numeric_c.o
         2          0          0          0          0          0   libinit.o
        22          0          0          0          0          0   libinit2.o
         2          0          0          0          0          0   libshutdown.o
         2          0          0          0          0          0   libshutdown2.o
         8          4          0          0         96         68   libspace.o
       138          0          0          0          0         80   lludiv10.o
        40          6          0          0          0         84   noretval__2sprintf.o
         8          4          0          0          0         68   rt_errno_addr_intlibspace.o
         8          4          0          0          0         68   rt_locale_intlibspace.o
        68          0          0          0          0         68   rt_memclr.o
        78          0          0          0          0         80   rt_memclr_w.o
       138          0          0          0          0         68   rt_memcpy_v6.o
       100          0          0          0          0         80   rt_memcpy_w.o
         2          0          0          0          0          0   rtexit.o
        10          0          0          0          0          0   rtexit2.o
       128          0          0          0          0         68   strcmpv7m.o
        12          4          0          0          0         68   sys_exit.o
        74          0          0          0          0         80   sys_stackheap_outer.o
         2          0          0          0          0         68   use_no_semi.o
        98          4          0          0          0        140   d2f.o
       804         16          0          0          0        368   daddsub_clz.o
       688        140          0          0          0        256   ddiv.o
        38          0          0          0          0        116   dflt_clz.o
       340         12          0          0          0        152   dmul.o
       156          4          0          0          0        140   dnaninf.o
        12          0          0          0          0        116   dretinf.o
        86          4          0          0          0        132   f2d.o
       140          4          0          0          0        132   fnaninf.o
        10          0          0          0          0        116   fpinit.o
        10          0          0          0          0        116   fretinf.o
         4          0          0          0          0        116   printf1.o
         0          0          0          0          0          0   usenofp.o
        48          0          0          0          0        124   fpclassify.o
        38          0          0          0          0        116   fpclassifyf.o
        74         24          0          0          0        580   funder.o
      1636        110        320          0          0        372   powf.o

    ----------------------------------------------------------------------
      9388        532        514          0         96       6156   Library Totals
        18          0          1          0          0          0   (incl. Padding)

    ----------------------------------------------------------------------

      Code (inc. data)   RO Data    RW Data    ZI Data      Debug   Library Name

      5188        214        193          0         96       3064   c_w.l
      2386        184          0          0          0       1900   fz_wm.l
      1796        134        320          0          0       1192   m_wm.l

    ----------------------------------------------------------------------
      9388        532        514          0         96       6156   Library Totals

    ----------------------------------------------------------------------

==============================================================================


      Code (inc. data)   RO Data    RW Data    ZI Data      Debug   

     49390       9232        938        580      82380     531970   Grand Totals
     49390       9232        938         76      82380     531970   ELF Image Totals (compressed)
     49390       9232        938         76          0          0   ROM Totals

==============================================================================

    Total RO  Size (Code + RO Data)                50328 (  49.15kB)
    Total RW  Size (RW Data + ZI Data)             82960 (  81.02kB)
    Total ROM Size (Code + RO Data + RW Data)      50404 (  49.22kB)

==============================================================================

